2026-06-08 17:18:34.875 15499-26272 io.ponga.xzbzc          com.aistudio.ponga.xzbzcw            W  Accessing hidden field Landroid/content/BroadcastReceiver$PendingResult;->mResultData:Ljava/lang/String; (greylist-max-p, linking, denied)
2026-06-08 17:18:34.876 15499-26272 io.ponga.xzbzc          com.aistudio.ponga.xzbzcw            W  Accessing hidden method Landroid/content/BroadcastReceiver;->checkSynchronousHint()V (greylist-max-o, linking, denied)
2026-06-08 17:18:35.712 15499-26279 io.ponga.xzbzc          com.aistudio.ponga.xzbzcw            W  Accessing hidden method Landroid/database/sqlite/-$$Lambda$RBWjWVyGrOTsQrLCYzJ_G8Uk25Q;-><init>(Landroid/database/sqlite/SQLiteDatabase;)V (blacklist, linking, denied)
2026-06-08 17:18:35.714 15499-26279 io.ponga.xzbzc          com.aistudio.ponga.xzbzcw            W  Accessing hidden field Landroid/database/sqlite/SQLiteDatabase;->mCloseGuardLocked:Ldalvik/system/CloseGuard; (greylist-max-o, linking, denied)
2026-06-08 17:18:35.719 15499-26279 io.ponga.xzbzc          com.aistudio.ponga.xzbzcw            W  Accessing hidden method Landroid/database/sqlite/SQLiteDatabase;-><init>(Ljava/lang/String;ILandroid/database/sqlite/SQLiteDatabase$CursorFactory;Landroid/database/DatabaseErrorHandler;IIJLjava/lang/String;Ljava/lang/String;)V (greylist-max-o, linking, denied)
2026-06-08 17:18:35.720 15499-26279 io.ponga.xzbzc          com.aistudio.ponga.xzbzcw            W  Accessing hidden method Landroid/database/sqlite/SQLiteDatabase$OpenParams;->access$000(Landroid/database/sqlite/SQLiteDatabase$OpenParams;)I (blacklist, linking, denied)
2026-06-08 17:18:35.724 15499-26279 io.ponga.xzbzc          com.aistudio.ponga.xzbzcw            W  Accessing hidden method Landroid/database/sqlite/SQLiteConnectionPool;->disableIdleConnectionHandler()V (greylist-max-o, linking, denied)
2026-06-08 17:18:35.724 15499-26279 io.ponga.xzbzc          com.aistudio.ponga.xzbzcw            W  Accessing hidden method Landroid/database/sqlite/SQLiteConnectionPool;->closeAvailableNonPrimaryConnectionsAndLogExceptions()V (greylist-max-o, linking, denied)
2026-06-08 17:18:35.726 15499-26279 io.ponga.xzbzc          com.aistudio.ponga.xzbzcw            W  Accessing hidden field Landroid/database/sqlite/SQLiteDatabaseConfiguration;->path:Ljava/lang/String; (greylist-max-o, linking, denied)
2026-06-08 17:18:35.727 15499-26279 io.ponga.xzbzc          com.aistudio.ponga.xzbzcw            W  Accessing hidden field Landroid/database/sqlite/SQLiteDatabase;->mLock:Ljava/lang/Object; (greylist-max-o, linking, denied)
2026-06-08 17:18:35.728 15499-26279 io.ponga.xzbzc          com.aistudio.ponga.xzbzcw            W  Accessing hidden field Landroid/database/sqlite/SQLiteDatabase;->mLock:Ljava/lang/Object; (greylist-max-o, linking, denied)
2026-06-08 17:18:35.729 15499-26279 io.ponga.xzbzc          com.aistudio.ponga.xzbzcw            W  Accessing hidden method Landroid/database/sqlite/SQLiteDatabase;->getLabel()Ljava/lang/String; (greylist-max-o, linking, denied)
2026-06-08 17:18:35.730 15499-26279 io.ponga.xzbzc          com.aistudio.ponga.xzbzcw            W  Accessing hidden field Landroid/database/sqlite/SQLiteDatabase;->mLock:Ljava/lang/Object; (greylist-max-o, linking, denied)
2026-06-08 17:18:35.732 15499-26279 io.ponga.xzbzc          com.aistudio.ponga.xzbzcw            W  Accessing hidden method Landroid/database/sqlite/SQLiteDatabase;->yieldIfContendedHelper(ZJ)Z (greylist-max-o, linking, denied)
2026-06-08 17:18:36.620 15499-26272 io.ponga.xzbzc          com.aistudio.ponga.xzbzcw            W  Accessing hidden method Landroid/os/PowerManager;-><init>(Landroid/content/Context;Landroid/os/IPowerManager;Landroid/os/IThermalService;Landroid/os/Handler;)V (blacklist, linking, denied)
2026-06-08 17:18:36.622 15499-26272 io.ponga.xzbzc          com.aistudio.ponga.xzbzcw            W  Accessing hidden method Landroid/os/PowerManager;->locationPowerSaveModeToString(I)Ljava/lang/String; (blacklist, linking, denied)
2026-06-08 17:18:36.623 15499-26272 io.ponga.xzbzc          com.aistudio.ponga.xzbzcw            W  Accessing hidden method Landroid/os/PowerManager;->wakeReasonToString(I)Ljava/lang/String; (blacklist, linking, denied)
2026-06-08 17:18:36.624 15499-26272 io.ponga.xzbzc          com.aistudio.ponga.xzbzcw            W  Accessing hidden field Landroid/os/PowerManager;->mThermalService:Landroid/os/IThermalService; (blacklist, linking, denied)
2026-06-08 17:18:36.625 15499-26272 io.ponga.xzbzc          com.aistudio.ponga.xzbzcw            W  Accessing hidden method Landroid/os/PowerManager;->getLastShutdownReason()I (greylist-max-o, linking, denied)
2026-06-08 17:18:36.625 15499-26272 io.ponga.xzbzc          com.aistudio.ponga.xzbzcw            W  Accessing hidden method Landroid/os/IPowerManager;->getLastSleepReason()I (blacklist, linking, denied)
2026-06-08 17:18:36.626 15499-26272 io.ponga.xzbzc          com.aistudio.ponga.xzbzcw            W  Accessing hidden method Landroid/os/PowerManager;->getPowerSaveState(I)Landroid/os/PowerSaveState; (greylist-max-o, linking, denied)
2026-06-08 17:18:36.628 15499-26272 io.ponga.xzbzc          com.aistudio.ponga.xzbzcw            W  Accessing hidden field Landroid/os/PowerManager;->mContext:Landroid/content/Context; (greylist-max-o, linking, denied)
2026-06-08 17:18:36.628 15499-26272 io.ponga.xzbzc          com.aistudio.ponga.xzbzcw            W  Accessing hidden method Landroid/os/IPowerManager;->isWakeLockLevelSupported(I)Z (greylist-max-o, linking, denied)
2026-06-08 17:18:36.629 15499-26272 io.ponga.xzbzc          com.aistudio.ponga.xzbzcw            W  Accessing hidden method Landroid/os/PowerManager;->printStackTraceInfo(Ljava/lang/String;)V (blacklist, linking, denied)
2026-06-08 17:18:36.629 15499-26272 io.ponga.xzbzc          com.aistudio.ponga.xzbzcw            W  Accessing hidden field Landroid/os/PowerManager;->mThermalService:Landroid/os/IThermalService; (blacklist, linking, denied)
2026-06-08 17:18:36.629 15499-26272 io.ponga.xzbzc          com.aistudio.ponga.xzbzcw            W  Accessing hidden field Landroid/os/PowerManager;->mThermalService:Landroid/os/IThermalService; (blacklist, linking, denied)
2026-06-08 17:18:36.629 15499-26272 io.ponga.xzbzc          com.aistudio.ponga.xzbzcw            W  Accessing hidden method Landroid/os/IThermalService;->unregisterThermalStatusListener(Landroid/os/IThermalStatusListener;)Z (blacklist, linking, denied)
2026-06-08 17:18:36.629 15499-26272 io.ponga.xzbzc          com.aistudio.ponga.xzbzcw            W  Accessing hidden method Landroid/os/IPowerManager;->setAdaptivePowerSaveEnabled(Z)Z (blacklist, linking, denied)
2026-06-08 17:18:36.629 15499-26272 io.ponga.xzbzc          com.aistudio.ponga.xzbzcw            W  Accessing hidden method Landroid/os/IPowerManager;->setAdaptivePowerSavePolicy(Landroid/os/BatterySaverPolicyConfig;)Z (blacklist, linking, denied)
2026-06-08 17:18:36.630 15499-26272 io.ponga.xzbzc          com.aistudio.ponga.xzbzcw            W  Accessing hidden method Landroid/os/IPowerManager;->userActivity(JII)V (greylist, linking, allowed)
2026-06-08 17:18:38.330 15499-26272 io.ponga.xzbzc          com.aistudio.ponga.xzbzcw            W  Accessing hidden method Landroid/os/PowerManager;-><init>(Landroid/content/Context;Landroid/os/IPowerManager;Landroid/os/IThermalService;Landroid/os/Handler;)V (blacklist, linking, denied)
2026-06-08 17:18:38.331 15499-26272 io.ponga.xzbzc          com.aistudio.ponga.xzbzcw            W  Accessing hidden field Landroid/os/PowerManager;->mPowerWhitelistManager:Landroid/os/PowerWhitelistManager; (blacklist, linking, denied)
2026-06-08 17:18:38.332 15499-26272 io.ponga.xzbzc          com.aistudio.ponga.xzbzcw            W  Accessing hidden method Landroid/os/PowerManager;->isRebootingUserspaceSupportedImpl()Z (blacklist, linking, denied)
2026-06-08 17:18:38.332 15499-26272 io.ponga.xzbzc          com.aistudio.ponga.xzbzcw            W  Accessing hidden method Landroid/os/PowerManager;->sleepReasonToString(I)Ljava/lang/String; (blacklist, linking, denied)
2026-06-08 17:18:38.334 15499-26272 io.ponga.xzbzc          com.aistudio.ponga.xzbzcw            W  Accessing hidden method Landroid/os/IThermalService;->getCurrentThermalStatus()I (blacklist, linking, denied)
2026-06-08 17:18:38.336 15499-26272 io.ponga.xzbzc          com.aistudio.ponga.xzbzcw            W  Accessing hidden method Landroid/os/IPowerManager;->getLastSleepReason()I (blacklist, linking, denied)
2026-06-08 17:18:38.336 15499-26272 io.ponga.xzbzc          com.aistudio.ponga.xzbzcw            W  Accessing hidden method Landroid/os/PowerManager;->getMaximumScreenBrightnessForVrSetting()I (greylist-max-o, linking, denied)
2026-06-08 17:18:38.338 15499-26272 io.ponga.xzbzc          com.aistudio.ponga.xzbzcw            W  Accessing hidden method Landroid/os/IPowerManager;->isDeviceIdleMode()Z (greylist-max-o, linking, denied)
2026-06-08 17:18:38.339 15499-26272 io.ponga.xzbzc          com.aistudio.ponga.xzbzcw            W  Accessing hidden method Landroid/os/PowerManager;->isRebootingUserspaceSupportedImpl()Z (blacklist, linking, denied)
2026-06-08 17:18:38.340 15499-26272 io.ponga.xzbzc          com.aistudio.ponga.xzbzcw            W  Accessing hidden method Landroid/os/PowerManager;->printStackTraceInfo(Ljava/lang/String;)V (blacklist, linking, denied)
2026-06-08 17:18:38.340 15499-26272 io.ponga.xzbzc          com.aistudio.ponga.xzbzcw            W  Accessing hidden method Landroid/os/PowerManager;->printStackTraceInfo(Ljava/lang/String;)V (blacklist, linking, denied)
2026-06-08 17:18:38.341 15499-26272 io.ponga.xzbzc          com.aistudio.ponga.xzbzcw            W  Accessing hidden field Landroid/os/PowerManager;->mThermalService:Landroid/os/IThermalService; (blacklist, linking, denied)
2026-06-08 17:18:38.341 15499-26272 io.ponga.xzbzc          com.aistudio.ponga.xzbzcw            W  Accessing hidden method Landroid/os/IThermalService;->unregisterThermalStatusListener(Landroid/os/IThermalStatusListener;)Z (blacklist, linking, denied)
2026-06-08 17:18:38.341 15499-26272 io.ponga.xzbzc          com.aistudio.ponga.xzbzcw            W  Accessing hidden method Landroid/os/IPowerManager;->setAdaptivePowerSaveEnabled(Z)Z (blacklist, linking, denied)
2026-06-08 17:18:38.341 15499-26272 io.ponga.xzbzc          com.aistudio.ponga.xzbzcw            W  Accessing hidden method Landroid/os/IPowerManager;->setAdaptivePowerSavePolicy(Landroid/os/BatterySaverPolicyConfig;)Z (blacklist, linking, denied)
2026-06-08 17:18:39.154 15499-26279 io.ponga.xzbzc          com.aistudio.ponga.xzbzcw            W  Accessing hidden method Landroid/database/sqlite/SQLiteProgram;-><init>(Landroid/database/sqlite/SQLiteDatabase;Ljava/lang/String;[Ljava/lang/Object;Landroid/os/CancellationSignal;)V (greylist-max-o, linking, denied)
2026-06-08 17:18:39.154 15499-26279 io.ponga.xzbzc          com.aistudio.ponga.xzbzcw            W  Accessing hidden method Landroid/database/sqlite/SQLiteProgram;->getSession()Landroid/database/sqlite/SQLiteSession; (greylist-max-o, linking, denied)
2026-06-08 17:18:39.155 15499-26279 io.ponga.xzbzc          com.aistudio.ponga.xzbzcw            W  Accessing hidden method Landroid/database/sqlite/SQLiteProgram;->getSession()Landroid/database/sqlite/SQLiteSession; (greylist-max-o, linking, denied)
2026-06-08 17:18:39.980 15499-26279 io.ponga.xzbzc          com.aistudio.ponga.xzbzcw            W  Accessing hidden method Landroid/database/sqlite/SQLiteProgram;->getSession()Landroid/database/sqlite/SQLiteSession; (greylist-max-o, linking, denied)
2026-06-08 17:18:40.853 15499-26272 io.ponga.xzbzc          com.aistudio.ponga.xzbzcw            W  Accessing hidden field Landroid/os/PowerManager$WakeLock;->mToken:Landroid/os/IBinder; (greylist-max-o, linking, denied)
2026-06-08 17:18:40.854 15499-26272 io.ponga.xzbzc          com.aistudio.ponga.xzbzcw            W  Accessing hidden field Landroid/os/PowerManager$WakeLock;->mToken:Landroid/os/IBinder; (greylist-max-o, linking, denied)
2026-06-08 17:18:40.855 15499-26272 io.ponga.xzbzc          com.aistudio.ponga.xzbzcw            W  Accessing hidden field Landroid/os/PowerManager$WakeLock;->mInternalCount:I (greylist-max-o, linking, denied)
2026-06-08 17:18:40.855 15499-26272 io.ponga.xzbzc          com.aistudio.ponga.xzbzcw            W  Accessing hidden field Landroid/os/PowerManager$WakeLock;->mInternalCount:I (greylist-max-o, linking, denied)
2026-06-08 17:18:40.855 15499-26272 io.ponga.xzbzc          com.aistudio.ponga.xzbzcw            W  Accessing hidden field Landroid/os/PowerManager$WakeLock;->this$0:Landroid/os/PowerManager; (blacklist, linking, denied)
2026-06-08 17:18:40.857 15499-26272 io.ponga.xzbzc          com.aistudio.ponga.xzbzcw            W  Accessing hidden field Landroid/os/PowerManager$WakeLock;->mWorkSource:Landroid/os/WorkSource; (greylist-max-o, linking, denied)
2026-06-08 17:18:40.858 15499-26272 io.ponga.xzbzc          com.aistudio.ponga.xzbzcw            W  Accessing hidden field Landroid/os/PowerManager$WakeLock;->mHistoryTag:Ljava/lang/String; (greylist-max-o, linking, denied)
2026-06-08 17:18:40.858 15499-26272 io.ponga.xzbzc          com.aistudio.ponga.xzbzcw            W  Accessing hidden method Landroid/os/IPowerManager;->updateWakeLockWorkSource(Landroid/os/IBinder;Landroid/os/WorkSource;Ljava/lang/String;)V (greylist-max-o, linking, denied)
2026-06-08 17:18:40.859 15499-26272 io.ponga.xzbzc          com.aistudio.ponga.xzbzcw            W  Accessing hidden method Landroid/os/IPowerManager;->updateWakeLockWorkSource(Landroid/os/IBinder;Landroid/os/WorkSource;Ljava/lang/String;)V (greylist-max-o, linking, denied)
2026-06-08 17:18:40.859 15499-26272 io.ponga.xzbzc          com.aistudio.ponga.xzbzcw            W  Accessing hidden method Landroid/os/PowerManager$WakeLock;->wrap(Ljava/lang/Runnable;)Ljava/lang/Runnable; (greylist-max-o, linking, denied)
2026-06-08 17:18:41.688 15499-26279 io.ponga.xzbzc          com.aistudio.ponga.xzbzcw            W  Accessing hidden method Landroid/database/sqlite/SQLiteProgram;->onCorruption()V (greylist-max-o, linking, denied)
2026-06-08 17:18:42.569 15499-26272 io.ponga.xzbzc          com.aistudio.ponga.xzbzcw            W  Accessing hidden field Landroid/os/PowerManager$WakeLock;->mRefCounted:Z (greylist-max-o, linking, denied)
2026-06-08 17:18:42.570 15499-26272 io.ponga.xzbzc          com.aistudio.ponga.xzbzcw            W  Accessing hidden method Landroid/os/PowerManager$WakeLock;->acquireLocked()V (greylist-max-o, linking, denied)
2026-06-08 17:18:42.571 15499-26272 io.ponga.xzbzc          com.aistudio.ponga.xzbzcw            W  Accessing hidden field Landroid/os/PowerManager$WakeLock;->mWorkSource:Landroid/os/WorkSource; (greylist-max-o, linking, denied)
2026-06-08 17:18:42.572 15499-26272 io.ponga.xzbzc          com.aistudio.ponga.xzbzcw            W  Accessing hidden field Landroid/os/PowerManager$WakeLock;->mToken:Landroid/os/IBinder; (greylist-max-o, linking, denied)
2026-06-08 17:18:42.572 15499-26272 io.ponga.xzbzc          com.aistudio.ponga.xzbzcw            W  Accessing hidden method Landroid/os/PowerManager$WakeLock;->lambda$wrap$0$PowerManager$WakeLock(Ljava/lang/Runnable;)V (blacklist, linking, denied)
2026-06-08 17:18:42.572 15499-26272 io.ponga.xzbzc          com.aistudio.ponga.xzbzcw            W  Accessing hidden field Landroid/os/PowerManager$WakeLock;->mToken:Landroid/os/IBinder; (greylist-max-o, linking, denied)
2026-06-08 17:18:42.573 15499-26272 io.ponga.xzbzc          com.aistudio.ponga.xzbzcw            W  Accessing hidden field Landroid/os/PowerManager$WakeLock;->mRefCounted:Z (greylist-max-o, linking, denied)
2026-06-08 17:18:42.575 15499-26272 io.ponga.xzbzc          com.aistudio.ponga.xzbzcw            W  Accessing hidden field Landroid/os/PowerManager$WakeLock;->this$0:Landroid/os/PowerManager; (blacklist, linking, denied)
2026-06-08 17:18:43.421 15499-26279 io.ponga.xzbzc          com.aistudio.ponga.xzbzcw            W  Accessing hidden method Landroid/database/sqlite/SQLiteDatabase$OpenParams;->toBuilder()Landroid/database/sqlite/SQLiteDatabase$OpenParams$Builder; (greylist-max-o, linking, denied)
2026-06-08 17:18:43.421 15499-26279 io.ponga.xzbzc          com.aistudio.ponga.xzbzcw            W  Accessing hidden method Landroid/database/sqlite/SQLiteDatabase;->deleteDatabase(Ljava/io/File;Z)Z (blacklist, linking, denied)
2026-06-08 17:18:43.423 15499-26279 io.ponga.xzbzc          com.aistudio.ponga.xzbzcw            W  Accessing hidden method Landroid/database/sqlite/SQLiteDatabase;->dump(Landroid/util/Printer;ZZLandroid/util/ArraySet;)V (blacklist, linking, denied)
2026-06-08 17:18:43.425 15499-26279 io.ponga.xzbzc          com.aistudio.ponga.xzbzcw            W  Accessing hidden field Landroid/database/sqlite/SQLiteDatabase;->sActiveDatabases:Ljava/util/WeakHashMap; (greylist-max-o, linking, denied)
2026-06-08 17:18:43.427 15499-26279 io.ponga.xzbzc          com.aistudio.ponga.xzbzcw            W  Accessing hidden method Landroid/database/sqlite/SQLiteDatabase;->openInner()V (greylist-max-o, linking, denied)
2026-06-08 17:18:43.427 15499-26279 io.ponga.xzbzc          com.aistudio.ponga.xzbzcw            W  Accessing hidden method Landroid/database/sqlite/SQLiteDatabaseCorruptException;->isCorruptException(Ljava/lang/Throwable;)Z (blacklist, linking, denied)
2026-06-08 17:18:43.428 15499-26279 io.ponga.xzbzc          com.aistudio.ponga.xzbzcw            W  Accessing hidden method Landroid/database/sqlite/SQLiteDatabase$OpenParams;->access$000(Landroid/database/sqlite/SQLiteDatabase$OpenParams;)I (blacklist, linking, denied)
2026-06-08 17:18:43.429 15499-26279 io.ponga.xzbzc          com.aistudio.ponga.xzbzcw            W  Accessing hidden method Landroid/database/sqlite/SQLiteDatabase;->yieldIfContendedHelper(ZJ)Z (greylist-max-o, linking, denied)
2026-06-08 17:18:43.430 15499-26279 io.ponga.xzbzc          com.aistudio.ponga.xzbzcw            W  Accessing hidden method Landroid/database/sqlite/SQLiteDatabase;->createSession()Landroid/database/sqlite/SQLiteSession; (greylist-max-o, linking, denied)
2026-06-08 17:18:43.430 15499-26279 io.ponga.xzbzc          com.aistudio.ponga.xzbzcw            W  Accessing hidden method Landroid/database/sqlite/SQLiteDatabase;->throwIfNotOpenLocked()V (greylist-max-o, linking, denied)
2026-06-08 17:18:43.431 15499-26279 io.ponga.xzbzc          com.aistudio.ponga.xzbzcw            W  Accessing hidden method Landroid/database/sqlite/SQLiteDatabase;->executeSql(Ljava/lang/String;[Ljava/lang/Object;)I (greylist-max-o, linking, denied)
2026-06-08 17:18:43.433 15499-26279 io.ponga.xzbzc          com.aistudio.ponga.xzbzcw            W  Accessing hidden field Landroid/database/sqlite/SQLiteDatabase;->mLock:Ljava/lang/Object; (greylist-max-o, linking, denied)
2026-06-08 17:18:43.434 15499-26279 chatty                  com.aistudio.ponga.xzbzcw            I  uid=10314(com.aistudio.ponga.xzbzcw) ection primary] identical 1 line
2026-06-08 17:18:43.436 15499-26279 io.ponga.xzbzc          com.aistudio.ponga.xzbzcw            W  Accessing hidden field Landroid/database/sqlite/SQLiteDatabase;->mLock:Ljava/lang/Object; (greylist-max-o, linking, denied)
2026-06-08 17:18:43.437 15499-26279 io.ponga.xzbzc          com.aistudio.ponga.xzbzcw            W  Accessing hidden method Landroid/database/sqlite/SQLiteDatabase;->isReadOnlyLocked()Z (greylist-max-o, linking, denied)
2026-06-08 17:18:43.437 15499-26279 io.ponga.xzbzc          com.aistudio.ponga.xzbzcw            W  Accessing hidden method Landroid/database/sqlite/SQLiteDatabase;->onCorruption()V (greylist-max-o, linking, denied)
2026-06-08 17:18:43.439 15499-26279 io.ponga.xzbzc          com.aistudio.ponga.xzbzcw            W  Accessing hidden field Landroid/database/sqlite/SQLiteDatabase;->mLock:Ljava/lang/Object; (greylist-max-o, linking, denied)
2026-06-08 17:18:44.343 15499-26272 io.ponga.xzbzc          com.aistudio.ponga.xzbzcw            W  Accessing hidden field Landroid/os/PowerManager$WakeLock;->this$0:Landroid/os/PowerManager; (blacklist, linking, denied)
2026-06-08 17:18:44.343 15499-26272 io.ponga.xzbzc          com.aistudio.ponga.xzbzcw            W  Accessing hidden field Landroid/os/PowerManager$WakeLock;->this$0:Landroid/os/PowerManager; (blacklist, linking, denied)
2026-06-08 17:18:44.345 15499-26272 io.ponga.xzbzc          com.aistudio.ponga.xzbzcw            W  Accessing hidden field Landroid/os/PowerManager$WakeLock;->mHeld:Z (greylist-max-o, linking, denied)
2026-06-08 17:18:44.345 15499-26272 io.ponga.xzbzc          com.aistudio.ponga.xzbzcw            W  Accessing hidden field Landroid/os/PowerManager$WakeLock;->mWorkSource:Landroid/os/WorkSource; (greylist-max-o, linking, denied)
2026-06-08 17:18:44.345 15499-26272 io.ponga.xzbzc          com.aistudio.ponga.xzbzcw            W  Accessing hidden field Landroid/os/PowerManager$WakeLock;->mToken:Landroid/os/IBinder; (greylist-max-o, linking, denied)
2026-06-08 17:18:44.346 15499-26272 io.ponga.xzbzc          com.aistudio.ponga.xzbzcw            W  Accessing hidden field Landroid/os/PowerManager$WakeLock;->mToken:Landroid/os/IBinder; (greylist-max-o, linking, denied)
2026-06-08 17:18:44.347 15499-26272 io.ponga.xzbzc          com.aistudio.ponga.xzbzcw            W  Accessing hidden field Landroid/os/PowerManager$WakeLock;->mExternalCount:I (greylist-max-o, linking, denied)
2026-06-08 17:18:44.348 15499-26272 io.ponga.xzbzc          com.aistudio.ponga.xzbzcw            W  Accessing hidden field Landroid/os/PowerManager$WakeLock;->mRefCounted:Z (greylist-max-o, linking, denied)
2026-06-08 17:18:44.348 15499-26272 io.ponga.xzbzc          com.aistudio.ponga.xzbzcw            W  Accessing hidden method Landroid/os/PowerManager$WakeLock;->setUnimportantForLogging(Z)V (greylist-max-o, linking, denied)
2026-06-08 17:18:44.349 15499-26272 io.ponga.xzbzc          com.aistudio.ponga.xzbzcw            W  Accessing hidden field Landroid/os/PowerManager$WakeLock;->this$0:Landroid/os/PowerManager; (blacklist, linking, denied)
2026-06-08 17:18:44.350 15499-26272 io.ponga.xzbzc          com.aistudio.ponga.xzbzcw            W  Accessing hidden field Landroid/os/PowerManager$WakeLock;->mWorkSource:Landroid/os/WorkSource; (greylist-max-o, linking, denied)
2026-06-08 17:18:44.350 15499-26272 io.ponga.xzbzc          com.aistudio.ponga.xzbzcw            W  Accessing hidden field Landroid/os/PowerManager$WakeLock;->mWorkSource:Landroid/os/WorkSource; (greylist-max-o, linking, denied)
2026-06-08 17:18:44.352 15499-26272 io.ponga.xzbzc          com.aistudio.ponga.xzbzcw            W  Accessing hidden method Landroid/os/-$$Lambda$PowerManager$WakeLock$VvFzmRZ4ZGlXx7u3lSAJ_T-YUjw;-><init>(Landroid/os/PowerManager$WakeLock;Ljava/lang/Runnable;)V (blacklist, linking, denied)
2026-06-08 17:18:45.196 15499-26279 io.ponga.xzbzc          com.aistudio.ponga.xzbzcw            W  Accessing hidden field Landroid/database/sqlite/SQLiteDatabase;->sActiveDatabases:Ljava/util/WeakHashMap; (greylist-max-o, linking, denied)
2026-06-08 17:18:45.196 15499-26279 io.ponga.xzbzc          com.aistudio.ponga.xzbzcw            W  Accessing hidden method Landroid/database/sqlite/SQLiteConnectionPool;->dump(Landroid/util/Printer;ZLandroid/util/ArraySet;)V (blacklist, linking, denied)
2026-06-08 17:18:45.197 15499-26279 io.ponga.xzbzc          com.aistudio.ponga.xzbzcw            W  Accessing hidden method Landroid/database/sqlite/SQLiteDatabase;->dumpDatabaseDirectory(Landroid/util/Printer;Ljava/io/File;Z)V (blacklist, linking, denied)
2026-06-08 17:18:45.197 15499-26279 io.ponga.xzbzc          com.aistudio.ponga.xzbzcw            W  Accessing hidden method Landroid/database/sqlite/SQLiteDatabase;->dumpDatabaseDirectory(Landroid/util/Printer;Ljava/io/File;Z)V (blacklist, linking, denied)
2026-06-08 17:18:45.197 15499-26279 io.ponga.xzbzc          com.aistudio.ponga.xzbzcw            W  Accessing hidden field Landroid/database/sqlite/-$$Lambda$SQLiteDatabase$1FsSJH2q7x3eeDFXCAu9l4piDsE;->INSTANCE:Landroid/database/sqlite/-$$Lambda$SQLiteDatabase$1FsSJH2q7x3eeDFXCAu9l4piDsE; (blacklist, linking, denied)
2026-06-08 17:18:45.198 15499-26279 io.ponga.xzbzc          com.aistudio.ponga.xzbzcw            W  Accessing hidden method Landroid/database/sqlite/SQLiteDatabase;->getFileTimestamps(Ljava/lang/String;)Ljava/lang/String; (blacklist, linking, denied)
2026-06-08 17:18:45.199 15499-26279 io.ponga.xzbzc          com.aistudio.ponga.xzbzcw            W  Accessing hidden method Landroid/database/sqlite/SQLiteDatabase;->isReadOnlyLocked()Z (greylist-max-o, linking, denied)
2026-06-08 17:18:45.199 15499-26279 io.ponga.xzbzc          com.aistudio.ponga.xzbzcw            W  Accessing hidden method Landroid/database/sqlite/SQLiteDatabase;->lambda$dumpDatabaseDirectory$0(Ljava/io/File;Ljava/io/File;)I (blacklist, linking, denied)
2026-06-08 17:18:45.200 15499-26279 io.ponga.xzbzc          com.aistudio.ponga.xzbzcw            W  Accessing hidden method Landroid/database/sqlite/SQLiteDatabase;->getLabel()Ljava/lang/String; (greylist-max-o, linking, denied)
2026-06-08 17:18:45.201 15499-26279 io.ponga.xzbzc          com.aistudio.ponga.xzbzcw            W  Accessing hidden field Landroid/database/sqlite/SQLiteDatabaseConfiguration;->label:Ljava/lang/String; (greylist-max-o, linking, denied)
2026-06-08 17:18:45.202 15499-26279 io.ponga.xzbzc          com.aistudio.ponga.xzbzcw            W  Accessing hidden method Landroid/content/ContentResolver;->onDbCorruption(Ljava/lang/String;Ljava/lang/String;Ljava/lang/Throwable;)V (blacklist, linking, denied)
2026-06-08 17:18:45.205 15499-26279 io.ponga.xzbzc          com.aistudio.ponga.xzbzcw            W  Accessing hidden method Landroid/database/sqlite/SQLiteConnectionPool;->closeAvailableNonPrimaryConnectionsAndLogExceptions()V (greylist-max-o, linking, denied)
2026-06-08 17:18:45.206 15499-26279 io.ponga.xzbzc          com.aistudio.ponga.xzbzcw            W  Accessing hidden field Landroid/database/sqlite/SQLiteDatabase;->mHasAttachedDbsLocked:Z (greylist-max-o, linking, denied)
2026-06-08 17:18:45.210 15499-26279 io.ponga.xzbzc          com.aistudio.ponga.xzbzcw            W  Accessing hidden method Landroid/database/sqlite/SQLiteDirectCursorDriver;-><init>(Landroid/database/sqlite/SQLiteDatabase;Ljava/lang/String;Ljava/lang/String;Landroid/os/CancellationSignal;)V (blacklist,test-api, linking, denied)
2026-06-08 17:18:45.211 15499-26279 io.ponga.xzbzc          com.aistudio.ponga.xzbzcw            W  Accessing hidden method Landroid/database/sqlite/SQLiteDatabase;->throwIfNotOpenLocked()V (greylist-max-o, linking, denied)
2026-06-08 17:18:46.116 15499-26272 io.ponga.xzbzc          com.aistudio.ponga.xzbzcw            W  Accessing hidden field Landroid/os/PowerManager$WakeLock;->mToken:Landroid/os/IBinder; (greylist-max-o, linking, denied)
2026-06-08 17:18:46.116 15499-26272 io.ponga.xzbzc          com.aistudio.ponga.xzbzcw            W  Accessing hidden field Landroid/os/PowerManager$WakeLock;->mWorkSource:Landroid/os/WorkSource; (greylist-max-o, linking, denied)
2026-06-08 17:18:46.116 15499-26272 io.ponga.xzbzc          com.aistudio.ponga.xzbzcw            W  Accessing hidden field Landroid/os/PowerManager$WakeLock;->mToken:Landroid/os/IBinder; (greylist-max-o, linking, denied)
2026-06-08 17:18:46.118 15499-26272 io.ponga.xzbzc          com.aistudio.ponga.xzbzcw            W  Accessing hidden field Landroid/os/PowerManager$WakeLock;->this$0:Landroid/os/PowerManager; (blacklist, linking, denied)
2026-06-08 17:18:46.118 15499-26272 io.ponga.xzbzc          com.aistudio.ponga.xzbzcw            W  Accessing hidden field Landroid/os/PowerManager$WakeLock;->mToken:Landroid/os/IBinder; (greylist-max-o, linking, denied)
2026-06-08 17:18:46.118 15499-26272 io.ponga.xzbzc          com.aistudio.ponga.xzbzcw            W  Accessing hidden field Landroid/os/PowerManager$WakeLock;->mToken:Landroid/os/IBinder; (greylist-max-o, linking, denied)
2026-06-08 17:18:46.120 15499-26272 io.ponga.xzbzc          com.aistudio.ponga.xzbzcw            W  Accessing hidden field Landroid/os/PowerManager$WakeLock;->mHeld:Z (greylist-max-o, linking, denied)
2026-06-08 17:18:46.121 15499-26272 io.ponga.xzbzc          com.aistudio.ponga.xzbzcw            W  Accessing hidden field Landroid/os/PowerManager$WakeLock;->mToken:Landroid/os/IBinder; (greylist-max-o, linking, denied)
2026-06-08 17:18:46.121 15499-26272 io.ponga.xzbzc          com.aistudio.ponga.xzbzcw            W  Accessing hidden field Landroid/os/PowerManager$WakeLock;->mHistoryTag:Ljava/lang/String; (greylist-max-o, linking, denied)
2026-06-08 17:18:46.122 15499-26272 io.ponga.xzbzc          com.aistudio.ponga.xzbzcw            W  Accessing hidden field Landroid/os/PowerManager$WakeLock;->mToken:Landroid/os/IBinder; (greylist-max-o, linking, denied)
2026-06-08 17:18:46.123 15499-26272 io.ponga.xzbzc          com.aistudio.ponga.xzbzcw            W  Accessing hidden field Landroid/os/PowerManager$WakeLock;->mWorkSource:Landroid/os/WorkSource; (greylist-max-o, linking, denied)
2026-06-08 17:18:46.970 15499-26279 io.ponga.xzbzc          com.aistudio.ponga.xzbzcw            W  Accessing hidden method Landroid/database/sqlite/SQLiteDatabase$1;-><init>(Ljava/lang/String;)V (blacklist, linking, denied)
2026-06-08 17:18:46.972 15499-26279 io.ponga.xzbzc          com.aistudio.ponga.xzbzcw            W  Accessing hidden field Landroid/database/sqlite/SQLiteDatabase;->sActiveDatabases:Ljava/util/WeakHashMap; (greylist-max-o, linking, denied)
2026-06-08 17:18:46.972 15499-26279 io.ponga.xzbzc          com.aistudio.ponga.xzbzcw            W  Accessing hidden method Landroid/database/sqlite/SQLiteDatabase;->dump(Landroid/util/Printer;ZZLandroid/util/ArraySet;)V (blacklist, linking, denied)
2026-06-08 17:18:46.972 15499-26279 io.ponga.xzbzc          com.aistudio.ponga.xzbzcw            W  Accessing hidden method Landroid/database/sqlite/SQLiteDatabase;->dumpAll(Landroid/util/Printer;ZZ)V (blacklist, linking, denied)
2026-06-08 17:18:46.973 15499-26279 io.ponga.xzbzc          com.aistudio.ponga.xzbzcw            W  Accessing hidden method Landroid/database/sqlite/SQLiteDatabase;->dump(Landroid/util/Printer;ZZLandroid/util/ArraySet;)V (blacklist, linking, denied)
2026-06-08 17:18:46.974 15499-26279 io.ponga.xzbzc          com.aistudio.ponga.xzbzcw            W  Accessing hidden method Landroid/database/sqlite/SQLiteDatabase;->getFileTimestamps(Ljava/lang/String;)Ljava/lang/String; (blacklist, linking, denied)
2026-06-08 17:18:46.977 15499-26279 io.ponga.xzbzc          com.aistudio.ponga.xzbzcw            W  Accessing hidden method Landroid/database/sqlite/SQLiteDatabase$OpenParams;->access$000(Landroid/database/sqlite/SQLiteDatabase$OpenParams;)I (blacklist, linking, denied)
2026-06-08 17:18:46.977 15499-26279 io.ponga.xzbzc          com.aistudio.ponga.xzbzcw            W  Accessing hidden method Landroid/database/sqlite/SQLiteConnectionPool;->open(Landroid/database/sqlite/SQLiteDatabaseConfiguration;)Landroid/database/sqlite/SQLiteConnectionPool; (greylist-max-o, linking, denied)
2026-06-08 17:18:46.981 15499-26279 io.ponga.xzbzc          com.aistudio.ponga.xzbzcw            W  Accessing hidden method Landroid/database/sqlite/SQLiteDatabase;->executeSql(Ljava/lang/String;[Ljava/lang/Object;)I (greylist-max-o, linking, denied)
2026-06-08 17:18:46.981 15499-26279 io.ponga.xzbzc          com.aistudio.ponga.xzbzcw            W  Accessing hidden method Landroid/database/sqlite/SQLiteConnectionPool;->closeAvailableNonPrimaryConnectionsAndLogExceptions()V (greylist-max-o, linking, denied)
2026-06-08 17:18:46.981 15499-26279 io.ponga.xzbzc          com.aistudio.ponga.xzbzcw            W  Accessing hidden method Landroid/database/sqlite/SQLiteConnectionPool;->closeAvailableNonPrimaryConnectionsAndLogExceptions()V (greylist-max-o, linking, denied)
2026-06-08 17:18:46.982 15499-26279 io.ponga.xzbzc          com.aistudio.ponga.xzbzcw            W  Accessing hidden field Landroid/database/sqlite/SQLiteDatabaseConfiguration;->path:Ljava/lang/String; (greylist-max-o, linking, denied)
2026-06-08 17:18:46.983 15499-26279 io.ponga.xzbzc          com.aistudio.ponga.xzbzcw            W  Accessing hidden field Landroid/database/sqlite/SQLiteDatabaseConfiguration;->path:Ljava/lang/String; (greylist-max-o, linking, denied)
2026-06-08 17:18:46.983 15499-26279 io.ponga.xzbzc          com.aistudio.ponga.xzbzcw            W  Accessing hidden method Landroid/database/sqlite/SQLiteDatabase;->isMainThread()Z (greylist-max-o, linking, denied)
2026-06-08 17:18:46.988 15499-26279 io.ponga.xzbzc          com.aistudio.ponga.xzbzcw            W  Accessing hidden method Landroid/database/sqlite/SQLiteDatabase;->throwIfNotOpenLocked()V (greylist-max-o, linking, denied)
2026-06-08 17:18:47.844 15499-26272 io.ponga.xzbzc          com.aistudio.ponga.xzbzcw            W  Accessing hidden field Landroid/app/JobSchedulerImpl;->mBinder:Landroid/app/job/IJobScheduler; (greylist-max-o, linking, denied)
2026-06-08 17:18:47.845 15499-26272 io.ponga.xzbzc          com.aistudio.ponga.xzbzcw            W  Accessing hidden method Landroid/app/job/IJobScheduler;->schedule(Landroid/app/job/JobInfo;)I (greylist-max-o, linking, denied)
2026-06-08 17:18:48.682 15499-26279 io.ponga.xzbzc          com.aistudio.ponga.xzbzcw            W  Accessing hidden method Landroid/os/StrictMode;->vmSqliteObjectLeaksEnabled()Z (greylist-max-o, linking, denied)
2026-06-08 17:18:48.683 15499-26279 io.ponga.xzbzc          com.aistudio.ponga.xzbzcw            W  Accessing hidden field Landroid/database/sqlite/SQLiteCursor;->mDriver:Landroid/database/sqlite/SQLiteCursorDriver; (greylist-max-o, linking, denied)
2026-06-08 17:18:48.683 15499-26279 io.ponga.xzbzc          com.aistudio.ponga.xzbzcw            W  Accessing hidden field Landroid/database/sqlite/SQLiteCursor;->mDriver:Landroid/database/sqlite/SQLiteCursorDriver; (greylist-max-o, linking, denied)
2026-06-08 17:18:48.684 15499-26279 io.ponga.xzbzc          com.aistudio.ponga.xzbzcw            W  Accessing hidden method Landroid/database/sqlite/SQLiteProgram;->getDatabase()Landroid/database/sqlite/SQLiteDatabase; (greylist-max-o, linking, denied)
2026-06-08 17:18:49.513 15499-26272 io.ponga.xzbzc          com.aistudio.ponga.xzbzcw            W  Accessing hidden method Landroid/app/JobSchedulerImpl;->getAllJobSnapshots()Ljava/util/List; (blacklist, linking, denied)
2026-06-08 17:18:50.344 15499-26272 io.ponga.xzbzc          com.aistudio.ponga.xzbzcw            W  Accessing hidden field Landroid/app/job/JobServiceEngine$JobHandler;->this$0:Landroid/app/job/JobServiceEngine; (blacklist, linking, denied)
2026-06-08 17:18:51.174 15499-26272 io.ponga.xzbzc          com.aistudio.ponga.xzbzcw            W  Accessing hidden method Landroid/app/job/JobServiceEngine$JobHandler;->ackStartMessage(Landroid/app/job/JobParameters;Z)V (greylist-max-o, linking, denied)
2026-06-08 17:28:25.022  1758-3760  UNISOC-LAUNCHER3        com.android.launcher3                E  IconShimmerManager, clearShimmerViewDataIfHas:com.aistudio.ponga.xzbzcw
---------------------------- PROCESS ENDED (15499) for package com.aistudio.ponga.xzbzcw ----------------------------
---------------------------- PROCESS STARTED (30963) for package com.aistudio.ponga.xzbzcw ----------------------------
2026-06-08 17:29:03.431 30963-30990 libc                    com.aistudio.ponga.xzbzcw            E  Access denied finding property "persist.vendor.sf.fbc"
2026-06-08 17:29:03.431 30963-30990 libc                    com.aistudio.ponga.xzbzcw            E  Access denied finding property "persist.vendor.gpu.fbc"
2026-06-08 17:29:04.472 30963-30990 gralloc4                com.aistudio.ponga.xzbzcw            I  register: id=1e70000170b
2026-06-08 17:29:04.484 30963-30977 io.ponga.xzbzc          com.aistudio.ponga.xzbzcw            I  Background concurrent copying GC freed 159224(9899KB) AllocSpace objects, 4(80KB) LOS objects, 72% free, 9509KB/33MB, paused 95us total 233.668ms
2026-06-08 17:29:07.172 30963-31071 okhttp.OkHttpClient     com.aistudio.ponga.xzbzcw            I  date: Mon, 08 Jun 2026 11:59:07 GMT
2026-06-08 17:29:07.172 30963-31071 okhttp.OkHttpClient     com.aistudio.ponga.xzbzcw            I  etag: W/"297-bJNTA1jUgowTBAFLngIb/BrtX2k"
2026-06-08 17:29:07.172 30963-31071 okhttp.OkHttpClient     com.aistudio.ponga.xzbzcw            I  cf-ray: a087ba7d6d0c7f3a-MAA
2026-06-08 17:29:08.556 30963-31072 okhttp.OkHttpClient     com.aistudio.ponga.xzbzcw            I  rndr-id: c9b98026-24b0-4a66
2026-06-08 17:29:08.558 30963-31072 okhttp.OkHttpClient     com.aistudio.ponga.xzbzcw            I  [{"id":"386eab2a-7883-4ad6-9d7c-479384d6838b_a2616b8a-6e92-4402-b621-748dde71afed","name":"Harsh","avatar":"https://peqockx5apulgo74.public.blob.vercel-storage.com/file_00000000c87c71faad0d71e93151f833-5gbkxXz17fECuKDmttFTApoMjLUn9a.jpg","lastMessage":"hello","lastMessageTime":"06:27 PM","isGroup":false,"isSecret":false,"unreadCount":0,"selfDestructTimer":null,"participantIds":["a2616b8a-6e92-4402-b621-748dde71afed","386eab2a-7883-4ad6-9d7c-479384d6838b"],"isMuted":false,"myStatus":"JOINED","myRole":"MEMBER","isArchived":false,"isPinned":false}]
2026-06-08 17:29:08.595 30963-31072 okhttp.OkHttpClient     com.aistudio.ponga.xzbzcw            I  --> END GET
2026-06-08 17:29:09.238 30963-31072 okhttp.OkHttpClient     com.aistudio.ponga.xzbzcw            I  x-powered-by: Express
2026-06-08 17:29:10.414 30963-31071 okhttp.OkHttpClient     com.aistudio.ponga.xzbzcw            I  vary: Accept-Encoding
2026-06-08 17:29:10.414 30963-31071 okhttp.OkHttpClient     com.aistudio.ponga.xzbzcw            I  alt-svc: h3=":443"; ma=86400
2026-06-08 17:29:10.940 30963-31070 okhttp.OkHttpClient     com.aistudio.ponga.xzbzcw            I  date: Mon, 08 Jun 2026 11:59:11 GMT
2026-06-08 17:29:10.941 30963-31070 okhttp.OkHttpClient     com.aistudio.ponga.xzbzcw            I  x-powered-by: Express
2026-06-08 17:29:11.081 30963-31012 GraphicsJNI             com.aistudio.ponga.xzbzcw            I  GraphicsJNI::isHardwareConfig qemu gles is 1.
2026-06-08 17:29:11.146 30963-31012 gralloc4                com.aistudio.ponga.xzbzcw            I  register: id=1e70000170d
2026-06-08 17:29:12.586 30963-31070 okhttp.OkHttpClient     com.aistudio.ponga.xzbzcw            I  server: cloudflare
2026-06-08 17:29:12.586 30963-31070 okhttp.OkHttpClient     com.aistudio.ponga.xzbzcw            I  vary: Accept-Encoding
2026-06-08 17:29:12.586 30963-31070 okhttp.OkHttpClient     com.aistudio.ponga.xzbzcw            I  x-powered-by: Express
2026-06-08 17:29:13.159 30963-31070 okhttp.OkHttpClient     com.aistudio.ponga.xzbzcw            I  content-type: application/json; charset=utf-8
2026-06-08 17:29:13.499 30963-31071 okhttp.OkHttpClient     com.aistudio.ponga.xzbzcw            I  --> GET https://aqualyn.onrender.com/api/chats
2026-06-08 17:29:14.586 30963-31012 AqualynRepository       com.aistudio.ponga.xzbzcw            D  Fetching feed posts
2026-06-08 17:29:15.527 30963-31071 okhttp.OkHttpClient     com.aistudio.ponga.xzbzcw            I  --> POST https://aqualyn.onrender.com/api/user/contacts/sync
2026-06-08 17:29:16.265 30963-31071 okhttp.OkHttpClient     com.aistudio.ponga.xzbzcw            I  x-powered-by: Express
2026-06-08 17:29:16.265 30963-31071 okhttp.OkHttpClient     com.aistudio.ponga.xzbzcw            I  x-render-origin-server: Render
2026-06-08 17:29:16.265 30963-31071 okhttp.OkHttpClient     com.aistudio.ponga.xzbzcw            I  cf-cache-status: DYNAMIC
2026-06-08 17:29:17.730 30963-31070 okhttp.OkHttpClient     com.aistudio.ponga.xzbzcw            I  Content-Type: application/json; charset=UTF-8
2026-06-08 17:29:17.861 30963-31070 okhttp.OkHttpClient     com.aistudio.ponga.xzbzcw            I  content-type: text/html; charset=utf-8
2026-06-08 17:29:17.861 30963-31070 okhttp.OkHttpClient     com.aistudio.ponga.xzbzcw            I  vary: Accept-Encoding
2026-06-08 17:29:17.862 30963-31070 okhttp.OkHttpClient     com.aistudio.ponga.xzbzcw            I  cf-ray: a087bacae9b17f3a-MAA
2026-06-08 17:29:17.863 30963-31070 okhttp.OkHttpClient     com.aistudio.ponga.xzbzcw            I  <meta charset="utf-8">
2026-06-08 17:29:17.864 30963-31070 okhttp.OkHttpClient     com.aistudio.ponga.xzbzcw            I  </body>
2026-06-08 17:29:20.581 30963-31071 okhttp.OkHttpClient     com.aistudio.ponga.xzbzcw            I  x-powered-by: Express
2026-06-08 17:29:20.581 30963-31071 okhttp.OkHttpClient     com.aistudio.ponga.xzbzcw            I  x-render-origin-server: Render
2026-06-08 17:29:26.192 30963-31071 okhttp.OkHttpClient     com.aistudio.ponga.xzbzcw            I  cf-cache-status: DYNAMIC
2026-06-08 17:29:27.525 30963-30990 gralloc4                com.aistudio.ponga.xzbzcw            I  unregister: id=1e700001710
2026-06-08 17:29:27.526 30963-30990 gralloc4                com.aistudio.ponga.xzbzcw            I  unregister: id=1e70000170e
2026-06-08 17:29:28.497 30963-31012 AqualynRepository       com.aistudio.ponga.xzbzcw            D  Fetching feed posts
2026-06-08 17:29:29.959 30963-31012 AqualynRepository       com.aistudio.ponga.xzbzcw            E  fetchChats network error: The coroutine scope left the composition
2026-06-08 17:29:32.459 30963-31071 okhttp.OkHttpClient     com.aistudio.ponga.xzbzcw            I  rndr-id: 6b2e0bec-6fca-469c
2026-06-08 17:29:32.460 30963-31071 okhttp.OkHttpClient     com.aistudio.ponga.xzbzcw            I  alt-svc: h3=":443"; ma=86400
2026-06-08 17:29:32.479 30963-31071 okhttp.OkHttpClient     com.aistudio.ponga.xzbzcw            I  --> END GET
2026-06-08 17:29:32.853 30963-31071 okhttp.OkHttpClient     com.aistudio.ponga.xzbzcw            I  content-type: application/json; charset=utf-8
2026-06-08 17:29:38.043 30963-31071 okhttp.OkHttpClient     com.aistudio.ponga.xzbzcw            I  date: Mon, 08 Jun 2026 11:59:38 GMT
2026-06-08 17:29:38.044 30963-31071 okhttp.OkHttpClient     com.aistudio.ponga.xzbzcw            I  cf-ray: a087bb3f89367f3a-MAA
---------------------------- PROCESS ENDED (30963) for package com.aistudio.ponga.xzbzcw ----------------------------
---------------------------- PROCESS STARTED (31401) for package com.aistudio.ponga.xzbzcw ----------------------------
2026-06-08 17:29:45.453 31401-31401 NetworkSecurityConfig   com.aistudio.ponga.xzbzcw            D  No Network Security Config specified, using platform default
2026-06-08 17:29:46.845 31401-31598 libc                    com.aistudio.ponga.xzbzcw            E  Access denied finding property "persist.vendor.gpu.fbc"
2026-06-08 17:29:47.165 31401-31598 OpenGLRenderer          com.aistudio.ponga.xzbzcw            E  reset ##### pid = 31598
2026-06-08 17:29:49.552 31401-31598 gralloc4                com.aistudio.ponga.xzbzcw            I  register: id=1e70000172f
2026-06-08 17:29:49.735 31401-31598 gralloc4                com.aistudio.ponga.xzbzcw            I  register: id=1e700001730
2026-06-08 17:29:50.403 31401-31422 io.ponga.xzbzc          com.aistudio.ponga.xzbzcw            I  Compiler allocated 11MB to compile void com.example.ui.screens.JoinScreenKt.JoinScreen(kotlin.jvm.functions.Function1, kotlin.jvm.functions.Function1, androidx.compose.runtime.Composer, int)
2026-06-08 17:30:00.373 31401-31959 AqualynRepository       com.aistudio.ponga.xzbzcw            D  Verifying OTP code: 456281 for +919009011030
2026-06-08 17:30:00.419 31401-31965 okhttp.OkHttpClient     com.aistudio.ponga.xzbzcw            I  {"identifier":"+919009011030","otp":"456281"}
2026-06-08 17:30:01.194 31401-31965 okhttp.OkHttpClient     com.aistudio.ponga.xzbzcw            I  alt-svc: h3=":443"; ma=86400
2026-06-08 17:30:01.196 31401-31965 okhttp.OkHttpClient     com.aistudio.ponga.xzbzcw            I  {"token":"eyJhbGciOiJIUzI1NiIsInR5cCI6IkpXVCJ9.eyJpZCI6IjM4NmVhYjJhLTc4ODMtNGFkNi05ZDdjLTQ3OTM4NGQ2ODM4YiIsInVpZCI6Im5hdGl2ZS02NWYxZWU4YS0wMGM5LTQwMzktYjU0OS0xZWE1MGVkMjQwOGYiLCJlbWFpbCI6bnVsbCwicGhvbmVfbnVtYmVyIjoiKzkxOTAwOTAxMTAzMCIsImlhdCI6MTc4MDkyMDAwMSwiZXhwIjoxNzgzNTEyMDAxfQ.OXiHdvmnXxzs3VzvhgO2c87Guy8Ft0jAF4pjdbKfTcg","isExisting":true}
2026-06-08 17:30:03.007 31401-31965 okhttp.OkHttpClient     com.aistudio.ponga.xzbzcw            I  cf-cache-status: DYNAMIC
2026-06-08 17:30:03.719 31401-31961 AqualynRepository       com.aistudio.ponga.xzbzcw            D  Fetching chats from API
2026-06-08 17:30:03.725 31401-32004 okhttp.OkHttpClient     com.aistudio.ponga.xzbzcw            I  --> END GET
2026-06-08 17:30:04.050 31401-31965 okhttp.OkHttpClient     com.aistudio.ponga.xzbzcw            I  content-type: application/json; charset=utf-8
2026-06-08 17:30:04.050 31401-31965 okhttp.OkHttpClient     com.aistudio.ponga.xzbzcw            I  x-render-origin-server: Render
2026-06-08 17:30:04.051 31401-31965 okhttp.OkHttpClient     com.aistudio.ponga.xzbzcw            I  cf-cache-status: DYNAMIC
2026-06-08 17:30:06.652 31401-31401 ActivityThread          com.aistudio.ponga.xzbzcw            I  smart_link is  not supported!!!
2026-06-08 17:30:06.762 31401-32004 okhttp.OkHttpClient     com.aistudio.ponga.xzbzcw            I  etag: W/"1070-PtOgVpClq5hGc7ncvOJRi43w5qs"
2026-06-08 17:30:06.763 31401-32004 okhttp.OkHttpClient     com.aistudio.ponga.xzbzcw            I  vary: Accept-Encoding
2026-06-08 17:30:06.840 31401-32004 okhttp.OkHttpClient     com.aistudio.ponga.xzbzcw            I  Authorization: Bearer eyJhbGciOiJIUzI1NiIsInR5cCI6IkpXVCJ9.eyJpZCI6IjM4NmVhYjJhLTc4ODMtNGFkNi05ZDdjLTQ3OTM4NGQ2ODM4YiIsInVpZCI6Im5hdGl2ZS02NWYxZWU4YS0wMGM5LTQwMzktYjU0OS0xZWE1MGVkMjQwOGYiLCJlbWFpbCI6bnVsbCwicGhvbmVfbnVtYmVyIjoiKzkxOTAwOTAxMTAzMCIsImlhdCI6MTc4MDkyMDAwMSwiZXhwIjoxNzgzNTEyMDAxfQ.OXiHdvmnXxzs3VzvhgO2c87Guy8Ft0jAF4pjdbKfTcg
2026-06-08 17:30:07.172 31401-32004 okhttp.OkHttpClient     com.aistudio.ponga.xzbzcw            I  date: Mon, 08 Jun 2026 12:00:07 GMT
2026-06-08 17:30:07.338 31401-31965 okhttp.OkHttpClient     com.aistudio.ponga.xzbzcw            I  x-powered-by: Express
2026-06-08 17:30:09.310 31401-31965 okhttp.OkHttpClient     com.aistudio.ponga.xzbzcw            I  date: Mon, 08 Jun 2026 12:00:09 GMT
2026-06-08 17:30:09.325 31401-31965 okhttp.OkHttpClient     com.aistudio.ponga.xzbzcw            I  --> END GET
2026-06-08 17:30:09.893 31401-31965 okhttp.OkHttpClient     com.aistudio.ponga.xzbzcw            I  alt-svc: h3=":443"; ma=86400
2026-06-08 17:30:09.900 31401-31965 okhttp.OkHttpClient     com.aistudio.ponga.xzbzcw            I  --> END GET
2026-06-08 17:30:10.543 31401-31965 okhttp.OkHttpClient     com.aistudio.ponga.xzbzcw            I  <-- 200 https://aqualyn.onrender.com/api/user/me/following (643ms)
2026-06-08 17:30:10.544 31401-31965 okhttp.OkHttpClient     com.aistudio.ponga.xzbzcw            I  vary: Accept-Encoding
2026-06-08 17:30:10.544 31401-31965 okhttp.OkHttpClient     com.aistudio.ponga.xzbzcw            I  x-render-origin-server: Render
2026-06-08 17:30:10.630 31401-32004 okhttp.OkHttpClient     com.aistudio.ponga.xzbzcw            I  Authorization: Bearer eyJhbGciOiJIUzI1NiIsInR5cCI6IkpXVCJ9.eyJpZCI6IjM4NmVhYjJhLTc4ODMtNGFkNi05ZDdjLTQ3OTM4NGQ2ODM4YiIsInVpZCI6Im5hdGl2ZS02NWYxZWU4YS0wMGM5LTQwMzktYjU0OS0xZWE1MGVkMjQwOGYiLCJlbWFpbCI6bnVsbCwicGhvbmVfbnVtYmVyIjoiKzkxOTAwOTAxMTAzMCIsImlhdCI6MTc4MDkyMDAwMSwiZXhwIjoxNzgzNTEyMDAxfQ.OXiHdvmnXxzs3VzvhgO2c87Guy8Ft0jAF4pjdbKfTcg
2026-06-08 17:30:11.201 31401-31965 okhttp.OkHttpClient     com.aistudio.ponga.xzbzcw            I  access-control-allow-credentials: true
2026-06-08 17:30:11.201 31401-31965 okhttp.OkHttpClient     com.aistudio.ponga.xzbzcw            I  rndr-id: d623476d-1425-4dc8
2026-06-08 17:30:11.201 31401-31965 okhttp.OkHttpClient     com.aistudio.ponga.xzbzcw            I  server: cloudflare
2026-06-08 17:30:11.201 31401-31965 okhttp.OkHttpClient     com.aistudio.ponga.xzbzcw            I  alt-svc: h3=":443"; ma=86400
2026-06-08 17:30:11.216 31401-32004 okhttp.OkHttpClient     com.aistudio.ponga.xzbzcw            I  alt-svc: h3=":443"; ma=86400
2026-06-08 17:30:11.217 31401-32004 okhttp.OkHttpClient     com.aistudio.ponga.xzbzcw            I  []
2026-06-08 17:30:11.265 31401-31965 okhttp.OkHttpClient     com.aistudio.ponga.xzbzcw            I  --> END GET
2026-06-08 17:30:11.860 31401-32004 okhttp.OkHttpClient     com.aistudio.ponga.xzbzcw            I  cf-cache-status: DYNAMIC
2026-06-08 17:30:11.942 31401-31965 okhttp.OkHttpClient     com.aistudio.ponga.xzbzcw            I  []
2026-06-08 17:30:14.906 31401-31959 AqualynRepository       com.aistudio.ponga.xzbzcw            E  fetchChats network error: The coroutine scope left the composition
2026-06-08 17:30:15.703 31401-31965 okhttp.OkHttpClient     com.aistudio.ponga.xzbzcw            I  Authorization: Bearer eyJhbGciOiJIUzI1NiIsInR5cCI6IkpXVCJ9.eyJpZCI6IjM4NmVhYjJhLTc4ODMtNGFkNi05ZDdjLTQ3OTM4NGQ2ODM4YiIsInVpZCI6Im5hdGl2ZS02NWYxZWU4YS0wMGM5LTQwMzktYjU0OS0xZWE1MGVkMjQwOGYiLCJlbWFpbCI6bnVsbCwicGhvbmVfbnVtYmVyIjoiKzkxOTAwOTAxMTAzMCIsImlhdCI6MTc4MDkyMDAwMSwiZXhwIjoxNzgzNTEyMDAxfQ.OXiHdvmnXxzs3VzvhgO2c87Guy8Ft0jAF4pjdbKfTcg
2026-06-08 17:30:16.474 31401-31965 okhttp.OkHttpClient     com.aistudio.ponga.xzbzcw            I  cf-cache-status: DYNAMIC
2026-06-08 17:30:16.804 31401-31965 okhttp.OkHttpClient     com.aistudio.ponga.xzbzcw            I  etag: W/"2-l9Fw4VUO7kr8CvBlt4zaMCqXZ0w"
2026-06-08 17:30:16.804 31401-31965 okhttp.OkHttpClient     com.aistudio.ponga.xzbzcw            I  rndr-id: 7c632e2f-d1f3-4a35
2026-06-08 17:30:16.805 31401-31965 okhttp.OkHttpClient     com.aistudio.ponga.xzbzcw            I  cf-ray: a087bc3a197e17ae-MAA
2026-06-08 17:30:16.810 31401-31965 okhttp.OkHttpClient     com.aistudio.ponga.xzbzcw            I  --> GET https://aqualyn.onrender.com/api/user/me/following
2026-06-08 17:30:17.132 31401-31965 okhttp.OkHttpClient     com.aistudio.ponga.xzbzcw            I  content-type: application/json; charset=utf-8
2026-06-08 17:30:17.132 31401-31965 okhttp.OkHttpClient     com.aistudio.ponga.xzbzcw            I  access-control-allow-credentials: true
