--------- beginning of system
--------- beginning of main
2026-06-08 16:57:07.067 10435-10435 io.ponga.xzbzc          com.aistudio.ponga.xzbzcw            I  Unquickening 15 vdex files!
2026-06-08 16:57:07.239 10435-10435 re-initialized>         com.aistudio.ponga.xzbzcw            W  type=1400 audit(0.0:148564): avc: granted { execute } for path="/data/data/com.aistudio.ponga.xzbzcw/code_cache/startup_agents/c52d6b25-agent.so" dev="dm-11" ino=344413 scontext=u:r:untrusted_app:s0:c58,c257,c512,c768 tcontext=u:object_r:app_data_file:s0:c58,c257,c512,c768 tclass=file app=com.aistudio.ponga.xzbzcw
2026-06-08 16:57:07.324 10435-10435 io.ponga.xzbzc          com.aistudio.ponga.xzbzcw            W  Accessing hidden method Lcom/android/internal/os/ClassLoaderFactory;->createClassLoader(Ljava/lang/String;Ljava/lang/String;Ljava/lang/String;Ljava/lang/ClassLoader;IZLjava/lang/String;Ljava/util/List;)Ljava/lang/ClassLoader; (blacklist, linking, denied)
2026-06-08 16:57:07.325 10435-10435 io.ponga.xzbzc          com.aistudio.ponga.xzbzcw            W  Accessing hidden method Landroid/app/ApplicationLoaders;->createAndCacheNonBootclasspathSystemClassLoaders([Landroid/content/pm/SharedLibraryInfo;)V (blacklist, linking, denied)
2026-06-08 16:57:07.329 10435-10435 io.ponga.xzbzc          com.aistudio.ponga.xzbzcw            W  Accessing hidden method Ljava/lang/Thread;->nextThreadNum()I (greylist-max-o, linking, denied)
2026-06-08 16:57:07.329 10435-10435 io.ponga.xzbzc          com.aistudio.ponga.xzbzcw            W  Accessing hidden method Ljava/lang/Thread;-><init>(Ljava/lang/Runnable;Ljava/security/AccessControlContext;)V (blacklist, linking, denied)
2026-06-08 16:57:07.330 10435-10435 io.ponga.xzbzc          com.aistudio.ponga.xzbzcw            W  Accessing hidden field Ljava/lang/Thread;->blockerLock:Ljava/lang/Object; (greylist-max-o, linking, denied)
2026-06-08 16:57:07.330 10435-10435 io.ponga.xzbzc          com.aistudio.ponga.xzbzcw            W  Accessing hidden method Ljava/lang/Thread;->init(Ljava/lang/ThreadGroup;Ljava/lang/Runnable;Ljava/lang/String;J)V (greylist-max-o, linking, denied)
2026-06-08 16:57:07.332 10435-10435 io.ponga.xzbzc          com.aistudio.ponga.xzbzcw            W  Accessing hidden field Ljava/lang/Thread;->threadSeqNumber:J (greylist, linking, allowed)
2026-06-08 16:57:07.333 10435-10435 io.ponga.xzbzc          com.aistudio.ponga.xzbzcw            W  Accessing hidden field Ljava/lang/Thread;->nativePeer:J (greylist, linking, allowed)
2026-06-08 16:57:07.334 10435-10435 io.ponga.xzbzc          com.aistudio.ponga.xzbzcw            W  Accessing hidden field Ljava/lang/Thread;->started:Z (greylist-max-o, linking, denied)
2026-06-08 16:57:07.334 10435-10435 io.ponga.xzbzc          com.aistudio.ponga.xzbzcw            W  Accessing hidden method Ljava/lang/ThreadGroup;->threadStartFailed(Ljava/lang/Thread;)V (greylist-max-o, linking, denied)
2026-06-08 16:57:07.335 10435-10435 io.ponga.xzbzc          com.aistudio.ponga.xzbzcw            W  Accessing hidden method Ldalvik/system/DexPathList;-><init>(Ljava/lang/ClassLoader;Ljava/lang/String;Ljava/lang/String;Ljava/io/File;Z)V (greylist-max-o, linking, denied)
2026-06-08 16:57:07.336 10435-10435 io.ponga.xzbzc          com.aistudio.ponga.xzbzcw            W  Accessing hidden method Ldalvik/system/DexPathList$Element;-><init>(Ljava/io/File;)V (greylist-max-o, linking, denied)
2026-06-08 16:57:07.336 10435-10435 io.ponga.xzbzc          com.aistudio.ponga.xzbzcw            W  Accessing hidden method Ldalvik/system/DexPathList;->makePathElements(Ljava/util/List;Ljava/io/File;Ljava/util/List;)[Ldalvik/system/DexPathList$Element; (greylist, linking, allowed)
2026-06-08 16:57:07.336 10435-10435 io.ponga.xzbzc          com.aistudio.ponga.xzbzcw            W  Accessing hidden method Llibcore/io/Os;->stat(Ljava/lang/String;)Landroid/system/StructStat; (greylist, linking, allowed)
2026-06-08 16:57:07.336 10435-10435 io.ponga.xzbzc          com.aistudio.ponga.xzbzcw            W  Accessing hidden method Ldalvik/system/DexPathList;->addDexPath(Ljava/lang/String;Ljava/io/File;Z)V (greylist-max-o, linking, denied)
2026-06-08 16:57:07.337 10435-10435 io.ponga.xzbzc          com.aistudio.ponga.xzbzcw            W  Accessing hidden method Ldalvik/system/DexPathList;->findResources(Ljava/lang/String;)Ljava/util/Enumeration; (greylist-max-o, linking, denied)
2026-06-08 16:57:07.338 10435-10435 io.ponga.xzbzc          com.aistudio.ponga.xzbzcw            W  Accessing hidden field Landroid/app/LoadedApk;->mUnregisteredReceivers:Landroid/util/ArrayMap; (greylist-max-o, linking, denied)
2026-06-08 16:57:07.338 10435-10435 io.ponga.xzbzc          com.aistudio.ponga.xzbzcw            W  Accessing hidden field Landroid/app/LoadedApk;->mActivityThread:Landroid/app/ActivityThread; (greylist, linking, allowed)
2026-06-08 16:57:07.338 10435-10435 io.ponga.xzbzc          com.aistudio.ponga.xzbzcw            W  Accessing hidden field Landroid/app/LoadedApk;->mPackageName:Ljava/lang/String; (greylist, linking, allowed)
2026-06-08 16:57:07.339 10435-10435 io.ponga.xzbzc          com.aistudio.ponga.xzbzcw            W  Accessing hidden method Landroid/app/LoadedApk;->createOrUpdateClassLoaderLocked(Ljava/util/List;)V (greylist-max-o, linking, denied)
2026-06-08 16:57:07.340 10435-10435 io.ponga.xzbzc          com.aistudio.ponga.xzbzcw            W  Accessing hidden method Landroid/app/LoadedApk;->allowThreadDiskReads()Landroid/os/StrictMode$ThreadPolicy; (blacklist, linking, denied)
2026-06-08 16:57:07.340 10435-10435 io.ponga.xzbzc          com.aistudio.ponga.xzbzcw            W  Accessing hidden field Landroid/app/LoadedApk;->mIncludeCode:Z (greylist-max-o, linking, denied)
2026-06-08 16:57:07.340 10435-10435 io.ponga.xzbzc          com.aistudio.ponga.xzbzcw            W  Accessing hidden field Landroid/app/LoadedApk;->mDefaultClassLoader:Ljava/lang/ClassLoader; (blacklist, linking, denied)
2026-06-08 16:57:07.340 10435-10435 io.ponga.xzbzc          com.aistudio.ponga.xzbzcw            W  Accessing hidden field Landroid/app/LoadedApk;->mRegisterPackage:Z (greylist-max-o, linking, denied)
2026-06-08 16:57:07.341 10435-10435 io.ponga.xzbzc          com.aistudio.ponga.xzbzcw            W  Accessing hidden method Landroid/app/LoadedApk;->createSharedLibraryLoader(Landroid/content/pm/SharedLibraryInfo;ZLjava/lang/String;Ljava/lang/String;)Ljava/lang/ClassLoader; (blacklist, linking, denied)
2026-06-08 16:57:07.341 10435-10435 io.ponga.xzbzc          com.aistudio.ponga.xzbzcw            W  Accessing hidden method Landroid/app/LoadedApk$ServiceDispatcher;-><init>(Landroid/content/ServiceConnection;Landroid/content/Context;Landroid/os/Handler;I)V (greylist, linking, allowed)
2026-06-08 16:57:07.341 10435-10435 io.ponga.xzbzc          com.aistudio.ponga.xzbzcw            W  Accessing hidden field Landroid/app/ActivityDebugConfigs;->DEBUG_LOADEDAPK:Z (blacklist, linking, denied)
2026-06-08 16:57:07.345 10435-10435 io.ponga.xzbzc          com.aistudio.ponga.xzbzcw            W  Accessing hidden field Landroid/app/LoadedApk;->mUnregisteredReceivers:Landroid/util/ArrayMap; (greylist-max-o, linking, denied)
2026-06-08 16:57:07.345 10435-10435 io.ponga.xzbzc          com.aistudio.ponga.xzbzcw            W  Accessing hidden method Landroid/app/LoadedApk$ReceiverDispatcher;->setUnregisterLocation(Ljava/lang/RuntimeException;)V (greylist-max-o, linking, denied)
2026-06-08 16:57:07.345 10435-10435 io.ponga.xzbzc          com.aistudio.ponga.xzbzcw            W  Accessing hidden field Landroid/app/ActivityDebugConfigs;->DEBUG_LOADEDAPK:Z (blacklist, linking, denied)
2026-06-08 16:57:07.347 10435-10435 io.ponga.xzbzc          com.aistudio.ponga.xzbzcw            W  Accessing hidden field Landroid/app/LoadedApk;->mSplitAppDirs:[Ljava/lang/String; (greylist-max-o, linking, denied)
2026-06-08 16:57:07.348 10435-10435 io.ponga.xzbzc          com.aistudio.ponga.xzbzcw            W  Accessing hidden field Landroid/app/LoadedApk;->mServices:Landroid/util/ArrayMap; (greylist-max-p, linking, denied)
2026-06-08 16:57:11.663 10435-10449 io.ponga.xzbzc          com.aistudio.ponga.xzbzcw            I  JIT allocated 58KB for stack maps of void com.example.ui.screens.chat.ChatsScreenKt.ChatsScreen(kotlin.jvm.functions.Function1, kotlin.jvm.functions.Function0, kotlin.jvm.functions.Function0, kotlin.jvm.functions.Function1, androidx.compose.runtime.Composer, int)
2026-06-08 16:57:12.156 10435-10619 libc                    com.aistudio.ponga.xzbzcw            E  Access denied finding property "persist.vendor.gpu.fbc"
2026-06-08 16:57:12.258 10435-10665 AqualynRepository       com.aistudio.ponga.xzbzcw            D  Fetching user profile me
2026-06-08 16:57:13.582 10435-10619 gralloc4                com.aistudio.ponga.xzbzcw            I  register: id=1e7000015b7
2026-06-08 16:57:29.137 10435-10726 okhttp.OkHttpClient     com.aistudio.ponga.xzbzcw            I  --> END GET
2026-06-08 16:57:29.173 10435-10727 okhttp.OkHttpClient     com.aistudio.ponga.xzbzcw            I  --> GET https://aqualyn.onrender.com/api/chats/folders
2026-06-08 16:57:39.713 10435-10727 okhttp.OkHttpClient     com.aistudio.ponga.xzbzcw            I  content-type: application/json; charset=utf-8
2026-06-08 16:57:40.588 10435-10726 okhttp.OkHttpClient     com.aistudio.ponga.xzbzcw            I  <-- END HTTP (551-byte body)
2026-06-08 16:57:42.072 10435-10728 okhttp.OkHttpClient     com.aistudio.ponga.xzbzcw            I  date: Mon, 08 Jun 2026 11:27:42 GMT
2026-06-08 16:57:42.073 10435-10728 okhttp.OkHttpClient     com.aistudio.ponga.xzbzcw            I  vary: Origin
2026-06-08 16:57:42.882 10435-10726 okhttp.OkHttpClient     com.aistudio.ponga.xzbzcw            I  etag: W/"297-Qoyni5IT04+ennlb+anQ5mzlU0w"
2026-06-08 16:57:43.464 10435-10726 okhttp.OkHttpClient     com.aistudio.ponga.xzbzcw            I  etag: W/"2-l9Fw4VUO7kr8CvBlt4zaMCqXZ0w"
2026-06-08 16:57:43.644 10435-10728 okhttp.OkHttpClient     com.aistudio.ponga.xzbzcw            I  --> GET https://aqualyn.onrender.com/api/user/me/followers
2026-06-08 16:57:43.985 10435-10726 okhttp.OkHttpClient     com.aistudio.ponga.xzbzcw            I  rndr-id: ada3b27a-eb44-4f59
2026-06-08 16:57:43.985 10435-10726 okhttp.OkHttpClient     com.aistudio.ponga.xzbzcw            I  server: cloudflare
2026-06-08 16:57:44.075 10435-10726 okhttp.OkHttpClient     com.aistudio.ponga.xzbzcw            I  Authorization: Bearer eyJhbGciOiJIUzI1NiIsInR5cCI6IkpXVCJ9.eyJpZCI6ImEyNjE2YjhhLTZlOTItNDQwMi1iNjIxLTc0OGRkZTcxYWZlZCIsInVpZCI6Im5hdGl2ZS1jZTE0Y2EzMi04ZmFkLTRmZWUtOGIxMC1jYzRjYTNkNDY5NzciLCJlbWFpbCI6bnVsbCwicGhvbmVfbnVtYmVyIjoiKzkxODgxNzQyMzIyOSIsImlhdCI6MTc4MDg1NzAzOSwiZXhwIjoxNzgzNDQ5MDM5fQ.w-bvTz_JZngEi8Nmh_cfIk3O0VJlat-hCKagiSy4jHc
2026-06-08 16:57:44.253 10435-10728 okhttp.OkHttpClient     com.aistudio.ponga.xzbzcw            I  rndr-id: 84f28a96-eb0d-45f6
2026-06-08 16:57:44.621 10435-10726 okhttp.OkHttpClient     com.aistudio.ponga.xzbzcw            I  date: Mon, 08 Jun 2026 11:27:45 GMT
2026-06-08 16:57:44.804 10435-10728 okhttp.OkHttpClient     com.aistudio.ponga.xzbzcw            I  etag: W/"2-l9Fw4VUO7kr8CvBlt4zaMCqXZ0w"
2026-06-08 16:57:44.807 10435-10728 okhttp.OkHttpClient     com.aistudio.ponga.xzbzcw            I  <-- END HTTP (2-byte body)
2026-06-08 16:57:45.214 10435-10726 okhttp.OkHttpClient     com.aistudio.ponga.xzbzcw            I  <-- 200 https://aqualyn.onrender.com/api/social/user/me/stories (518ms)
2026-06-08 16:57:45.214 10435-10726 okhttp.OkHttpClient     com.aistudio.ponga.xzbzcw            I  rndr-id: c3a861df-1571-49d5
2026-06-08 16:57:45.367 10435-10728 okhttp.OkHttpClient     com.aistudio.ponga.xzbzcw            I  <-- 200 https://aqualyn.onrender.com/api/social/user/me/posts (553ms)
2026-06-08 16:57:45.946 10435-10728 okhttp.OkHttpClient     com.aistudio.ponga.xzbzcw            I  cf-cache-status: DYNAMIC
2026-06-08 16:57:48.861 10435-10619 gralloc4                com.aistudio.ponga.xzbzcw            I  register: id=1e7000015bc
2026-06-08 16:57:58.612 10435-10728 okhttp.OkHttpClient     com.aistudio.ponga.xzbzcw            I  Content-Length: 45
2026-06-08 16:57:58.613 10435-10728 okhttp.OkHttpClient     com.aistudio.ponga.xzbzcw            I  --> END POST (45-byte body)
2026-06-08 16:57:59.629 10435-10728 okhttp.OkHttpClient     com.aistudio.ponga.xzbzcw            I  content-type: application/json; charset=utf-8
2026-06-08 16:57:59.630 10435-10728 okhttp.OkHttpClient     com.aistudio.ponga.xzbzcw            I  server: cloudflare
2026-06-08 16:57:59.636 10435-10728 okhttp.OkHttpClient     com.aistudio.ponga.xzbzcw            I  --> GET https://aqualyn.onrender.com/api/auth/profile
2026-06-08 16:58:01.201 10435-10728 okhttp.OkHttpClient     com.aistudio.ponga.xzbzcw            I  --> GET https://aqualyn.onrender.com/api/auth/profile
2026-06-08 16:58:02.043 10435-10728 okhttp.OkHttpClient     com.aistudio.ponga.xzbzcw            I  x-powered-by: Express
2026-06-08 16:58:02.043 10435-10728 okhttp.OkHttpClient     com.aistudio.ponga.xzbzcw            I  x-render-origin-server: Render
2026-06-08 16:58:02.044 10435-10728 okhttp.OkHttpClient     com.aistudio.ponga.xzbzcw            I  {"id":"a2616b8a-6e92-4402-b621-748dde71afed","username":"rudra__8457","displayName":"Rudra ","avatar":"https://peqockx5apulgo74.public.blob.vercel-storage.com/Screenshot_20260607-233908-txSAUiaondDXho21ikfQGKB6eZDSFH.jpg","largeAvatar":"https://peqockx5apulgo74.public.blob.vercel-storage.com/Screenshot_20260607-233908-txSAUiaondDXho21ikfQGKB6eZDSFH.jpg","bio":null,"email":null,"phone":"+918817423229","dob":"2008-09-03T00:00:00.000Z","isPrivate":false,"searchByPhone":true,"showPhoneTo":"everyone","lastLogin":"2026-06-07T18:31:20.182Z","_count":{"followers":0,"following":1},"followers":[],"following":[{"followingId":"386eab2a-7883-4ad6-9d7c-479384d6838b"}]}
2026-06-08 16:58:02.049 10435-10728 okhttp.OkHttpClient     com.aistudio.ponga.xzbzcw            I  Authorization: Bearer eyJhbGciOiJIUzI1NiIsInR5cCI6IkpXVCJ9.eyJpZCI6ImEyNjE2YjhhLTZlOTItNDQwMi1iNjIxLTc0OGRkZTcxYWZlZCIsInVpZCI6Im5hdGl2ZS1jZTE0Y2EzMi04ZmFkLTRmZWUtOGIxMC1jYzRjYTNkNDY5NzciLCJlbWFpbCI6bnVsbCwicGhvbmVfbnVtYmVyIjoiKzkxODgxNzQyMzIyOSIsImlhdCI6MTc4MDkxODA3OSwiZXhwIjoxNzgzNTEwMDc5fQ.pLlg_raTokJ43uVQE_zkhp1XtdRTymYNVLZe7kRDBX8
2026-06-08 16:58:02.339 10435-10726 okhttp.OkHttpClient     com.aistudio.ponga.xzbzcw            I  <-- HTTP FAILED: java.io.IOException: Canceled
2026-06-08 16:58:03.619 10435-10728 okhttp.OkHttpClient     com.aistudio.ponga.xzbzcw            I  cf-ray: a0878cffb9e19870-MAA
2026-06-08 16:58:09.296 10435-10665 AqualynRepository       com.aistudio.ponga.xzbzcw            D  Fetching user profile me
2026-06-08 16:58:09.314 10435-10449 io.ponga.xzbzc          com.aistudio.ponga.xzbzcw            I  Compiler allocated 5943KB to compile kotlin.Unit com.example.ui.screens.ProfileScreenKt.ProfileScreen$lambda$184$lambda$105$lambda$104$lambda$103$lambda$102$lambda$68(androidx.compose.runtime.MutableState, androidx.compose.runtime.MutableState, androidx.compose.runtime.MutableState, androidx.compose.foundation.lazy.LazyItemScope, androidx.compose.runtime.Composer, int)
2026-06-08 16:58:10.033 10435-10727 okhttp.OkHttpClient     com.aistudio.ponga.xzbzcw            I  etag: W/"297-Qoyni5IT04+ennlb+anQ5mzlU0w"
2026-06-08 16:58:10.033 10435-10727 okhttp.OkHttpClient     com.aistudio.ponga.xzbzcw            I  vary: Accept-Encoding
2026-06-08 16:58:10.040 10435-10727 okhttp.OkHttpClient     com.aistudio.ponga.xzbzcw            I  Authorization: Bearer eyJhbGciOiJIUzI1NiIsInR5cCI6IkpXVCJ9.eyJpZCI6ImEyNjE2YjhhLTZlOTItNDQwMi1iNjIxLTc0OGRkZTcxYWZlZCIsInVpZCI6Im5hdGl2ZS1jZTE0Y2EzMi04ZmFkLTRmZWUtOGIxMC1jYzRjYTNkNDY5NzciLCJlbWFpbCI6bnVsbCwicGhvbmVfbnVtYmVyIjoiKzkxODgxNzQyMzIyOSIsImlhdCI6MTc4MDkxODA3OSwiZXhwIjoxNzgzNTEwMDc5fQ.pLlg_raTokJ43uVQE_zkhp1XtdRTymYNVLZe7kRDBX8
2026-06-08 16:58:10.366 10435-10727 okhttp.OkHttpClient     com.aistudio.ponga.xzbzcw            I  rndr-id: 6de3cc2b-1a0c-411e
2026-06-08 16:58:10.367 10435-10727 okhttp.OkHttpClient     com.aistudio.ponga.xzbzcw            I  []
2026-06-08 16:58:12.192 10435-10728 okhttp.OkHttpClient     com.aistudio.ponga.xzbzcw            I  alt-svc: h3=":443"; ma=86400
2026-06-08 16:58:12.197 10435-10728 okhttp.OkHttpClient     com.aistudio.ponga.xzbzcw            I  --> END GET
2026-06-08 16:58:12.506 10435-10728 okhttp.OkHttpClient     com.aistudio.ponga.xzbzcw            I  alt-svc: h3=":443"; ma=86400
2026-06-08 16:58:16.010 10435-10665 AqualynRepository       com.aistudio.ponga.xzbzcw            D  Fetching chats from API
2026-06-08 16:58:30.887 11052-11109 gralloc4                com.aistudio.ponga.xzbzcw            I  register: id=1e7000015e7
2026-06-08 16:58:30.888 11052-11109 libc                    com.aistudio.ponga.xzbzcw            E  Access denied finding property "persist.vendor.gpu.fbc"
2026-06-08 16:58:31.460 11052-11109 OpenGLRenderer          com.aistudio.ponga.xzbzcw            E  reset ##### pid = 11109
2026-06-08 16:58:31.460 11052-11109 gralloc4                com.aistudio.ponga.xzbzcw            I  register: id=1e7000015e6
2026-06-08 16:58:31.465 11052-11109 gralloc4                com.aistudio.ponga.xzbzcw            I  register: id=1e7000015e5
2026-06-08 16:58:38.728 11052-11109 gralloc4                com.aistudio.ponga.xzbzcw            I  register: id=1e7000015ed
2026-06-08 16:58:45.564 11052-11592 okhttp.OkHttpClient     com.aistudio.ponga.xzbzcw            I  <-- END HTTP (68-byte body)
2026-06-08 16:58:48.114 11052-11592 okhttp.OkHttpClient     com.aistudio.ponga.xzbzcw            I  x-render-origin-server: Render
2026-06-08 16:58:48.605 11052-11592 okhttp.OkHttpClient     com.aistudio.ponga.xzbzcw            I  Authorization: Bearer eyJhbGciOiJIUzI1NiIsInR5cCI6IkpXVCJ9.eyJpZCI6ImEyNjE2YjhhLTZlOTItNDQwMi1iNjIxLTc0OGRkZTcxYWZlZCIsInVpZCI6Im5hdGl2ZS1jZTE0Y2EzMi04ZmFkLTRmZWUtOGIxMC1jYzRjYTNkNDY5NzciLCJlbWFpbCI6bnVsbCwicGhvbmVfbnVtYmVyIjoiKzkxODgxNzQyMzIyOSIsImlhdCI6MTc4MDkxODEyOCwiZXhwIjoxNzgzNTEwMTI4fQ.YlBVITwV-pp1T2kxWeYf4gAi_imoVaGLMyhEzYY8dq8
2026-06-08 16:58:49.343 11052-11592 okhttp.OkHttpClient     com.aistudio.ponga.xzbzcw            I  rndr-id: 49302e75-f273-4567
2026-06-08 16:58:49.696 11052-11066 io.ponga.xzbzc          com.aistudio.ponga.xzbzcw            I  JIT allocated 58KB for stack maps of void com.example.ui.screens.chat.ChatsScreenKt.ChatsScreen(kotlin.jvm.functions.Function1, kotlin.jvm.functions.Function0, kotlin.jvm.functions.Function0, kotlin.jvm.functions.Function1, androidx.compose.runtime.Composer, int)
2026-06-08 16:58:50.158 11052-11624 okhttp.OkHttpClient     com.aistudio.ponga.xzbzcw            I  --> END GET
2026-06-08 16:58:50.190 11052-11592 okhttp.OkHttpClient     com.aistudio.ponga.xzbzcw            I  cf-ray: a0878e2818ce7237-MAA
2026-06-08 16:58:50.192 11052-11592 okhttp.OkHttpClient     com.aistudio.ponga.xzbzcw            I  <-- END HTTP (663-byte body)
2026-06-08 16:58:50.242 11052-11590 AqualynRepository       com.aistudio.ponga.xzbzcw            D  Fetching chats from API
2026-06-08 16:58:50.244 11052-11592 okhttp.OkHttpClient     com.aistudio.ponga.xzbzcw            I  --> GET https://aqualyn.onrender.com/api/chats
2026-06-08 16:58:51.493 11052-11625 okhttp.OkHttpClient     com.aistudio.ponga.xzbzcw            I  date: Mon, 08 Jun 2026 11:28:51 GMT
2026-06-08 16:58:51.493 11052-11625 okhttp.OkHttpClient     com.aistudio.ponga.xzbzcw            I  content-type: application/json; charset=utf-8
2026-06-08 16:58:51.493 11052-11625 okhttp.OkHttpClient     com.aistudio.ponga.xzbzcw            I  etag: W/"227-U6+ydxeP9gjqsytsl1sWemQ4Gh0"
2026-06-08 16:58:51.496 11052-11625 okhttp.OkHttpClient     com.aistudio.ponga.xzbzcw            I  <-- END HTTP (551-byte body)
2026-06-08 16:58:51.824 11052-11592 okhttp.OkHttpClient     com.aistudio.ponga.xzbzcw            I  cf-cache-status: DYNAMIC
2026-06-08 16:58:52.005 11052-11625 okhttp.OkHttpClient     com.aistudio.ponga.xzbzcw            I  <-- 200 https://aqualyn.onrender.com/api/chats/folders (467ms)
2026-06-08 16:58:52.005 11052-11625 okhttp.OkHttpClient     com.aistudio.ponga.xzbzcw            I  date: Mon, 08 Jun 2026 11:28:52 GMT
2026-06-08 16:58:55.723 11052-11066 io.ponga.xzbzc          com.aistudio.ponga.xzbzcw            I  Compiler allocated 5655KB to compile kotlin.Unit com.example.ui.screens.ProfileScreenKt.ProfileScreen$lambda$184$lambda$105$lambda$104$lambda$103$lambda$102$lambda$50(kotlin.jvm.functions.Function0, androidx.compose.runtime.MutableState, androidx.compose.runtime.MutableState, androidx.compose.runtime.MutableState, androidx.compose.foundation.lazy.LazyItemScope, androidx.compose.runtime.Composer, int)
2026-06-08 16:58:55.845 11052-11590 AqualynRepository       com.aistudio.ponga.xzbzcw            D  Fetching user profile me
2026-06-08 16:58:56.682 11052-11625 okhttp.OkHttpClient     com.aistudio.ponga.xzbzcw            I  date: Mon, 08 Jun 2026 11:28:57 GMT
2026-06-08 16:58:56.683 11052-11625 okhttp.OkHttpClient     com.aistudio.ponga.xzbzcw            I  cf-cache-status: DYNAMIC
2026-06-08 16:58:57.282 11052-11625 okhttp.OkHttpClient     com.aistudio.ponga.xzbzcw            I  --> GET https://aqualyn.onrender.com/api/user/me/following
2026-06-08 16:58:57.587 11052-11625 okhttp.OkHttpClient     com.aistudio.ponga.xzbzcw            I  rndr-id: 457eac2d-e5f5-4e32
2026-06-08 16:58:57.587 11052-11625 okhttp.OkHttpClient     com.aistudio.ponga.xzbzcw            I  cf-ray: a0878e58ecdb7237-MAA
2026-06-08 16:58:57.753 11052-11592 okhttp.OkHttpClient     com.aistudio.ponga.xzbzcw            I  <-- 200 https://aqualyn.onrender.com/api/user/me/following (470ms)
2026-06-08 16:58:57.754 11052-11592 okhttp.OkHttpClient     com.aistudio.ponga.xzbzcw            I  cf-cache-status: DYNAMIC
2026-06-08 16:58:58.005 11052-11625 okhttp.OkHttpClient     com.aistudio.ponga.xzbzcw            I  date: Mon, 08 Jun 2026 11:28:58 GMT
2026-06-08 16:58:58.005 11052-11625 okhttp.OkHttpClient     com.aistudio.ponga.xzbzcw            I  vary: Origin
2026-06-08 16:58:58.416 11052-11625 okhttp.OkHttpClient     com.aistudio.ponga.xzbzcw            I  x-powered-by: Express
2026-06-08 16:58:58.740 11052-11592 okhttp.OkHttpClient     com.aistudio.ponga.xzbzcw            I  <-- 200 https://aqualyn.onrender.com/api/social/user/me/stories (321ms)
2026-06-08 16:58:58.740 11052-11592 okhttp.OkHttpClient     com.aistudio.ponga.xzbzcw            I  cf-ray: a0878e600cc47237-MAA
2026-06-08 16:58:58.740 11052-11592 okhttp.OkHttpClient     com.aistudio.ponga.xzbzcw            I  alt-svc: h3=":443"; ma=86400
2026-06-08 16:58:59.664  1758-3760  UNISOC-LAUNCHER3        com.android.launcher3                E  IconShimmerManager, clearShimmerViewDataIfHas:com.aistudio.ponga.xzbzcw
2026-06-08 16:59:25.716 11052-11592 okhttp.OkHttpClient     com.aistudio.ponga.xzbzcw            I  access-control-allow-credentials: true
2026-06-08 16:59:25.716 11052-11592 okhttp.OkHttpClient     com.aistudio.ponga.xzbzcw            I  etag: W/"2-l9Fw4VUO7kr8CvBlt4zaMCqXZ0w"
2026-06-08 16:59:25.716 11052-11592 okhttp.OkHttpClient     com.aistudio.ponga.xzbzcw            I  alt-svc: h3=":443"; ma=86400
2026-06-08 16:59:26.145 11052-11109 gralloc4                com.aistudio.ponga.xzbzcw            I  register: id=1e700001616
2026-06-08 16:59:26.268 11052-11592 okhttp.OkHttpClient     com.aistudio.ponga.xzbzcw            I  date: Mon, 08 Jun 2026 11:29:26 GMT
2026-06-08 16:59:26.269 11052-11592 okhttp.OkHttpClient     com.aistudio.ponga.xzbzcw            I  access-control-allow-credentials: true
2026-06-08 16:59:26.629 11052-11052 Dialog                  com.aistudio.ponga.xzbzcw            E  show dialog view=DecorView@7b483f4[MainActivity]
2026-06-08 16:59:26.685 11052-11109 gralloc4                com.aistudio.ponga.xzbzcw            I  register: id=1e70000161b
2026-06-08 16:59:41.797 11052-11109 gralloc4                com.aistudio.ponga.xzbzcw            I  register: id=1e70000162a
2026-06-08 16:59:41.835 11052-11590 AqualynRepository       com.aistudio.ponga.xzbzcw            D  Fetching user profile me
2026-06-08 16:59:42.953 11052-11625 okhttp.OkHttpClient     com.aistudio.ponga.xzbzcw            I  <-- HTTP FAILED: java.io.IOException: Canceled
2026-06-08 16:59:42.953 11052-11590 AqualynRepository       com.aistudio.ponga.xzbzcw            E  fetchUserProfile network error: The coroutine scope left the composition
2026-06-08 16:59:42.970 11052-11109 libEGL                  com.aistudio.ponga.xzbzcw            W  EGLNativeWindowType 0xb400007b5abcb6c0 disconnect failed
2026-06-08 16:59:43.333 11052-11624 okhttp.OkHttpClient     com.aistudio.ponga.xzbzcw            I  --> GET https://aqualyn.onrender.com/api/chats
2026-06-08 16:59:44.153 11052-11625 okhttp.OkHttpClient     com.aistudio.ponga.xzbzcw            I  <-- END HTTP (663-byte body)
2026-06-08 16:59:44.487 11052-11592 okhttp.OkHttpClient     com.aistudio.ponga.xzbzcw            I  alt-svc: h3=":443"; ma=86400
2026-06-08 16:59:44.491 11052-11588 AqualynRepository       com.aistudio.ponga.xzbzcw            E  fetchUserProfile network error: Expected a string but was BEGIN_OBJECT at path $.following[0]
2026-06-08 16:59:45.660 11052-11625 okhttp.OkHttpClient     com.aistudio.ponga.xzbzcw            I  <-- 200 https://aqualyn.onrender.com/api/chats (1493ms)
2026-06-08 16:59:45.661 11052-11625 okhttp.OkHttpClient     com.aistudio.ponga.xzbzcw            I  content-type: application/json; charset=utf-8
2026-06-08 16:59:45.661 11052-11625 okhttp.OkHttpClient     com.aistudio.ponga.xzbzcw            I  access-control-allow-credentials: true
2026-06-08 16:59:45.661 11052-11625 okhttp.OkHttpClient     com.aistudio.ponga.xzbzcw            I  vary: Origin
2026-06-08 16:59:45.967 11052-11592 okhttp.OkHttpClient     com.aistudio.ponga.xzbzcw            I  access-control-allow-credentials: true
2026-06-08 16:59:45.967 11052-11592 okhttp.OkHttpClient     com.aistudio.ponga.xzbzcw            I  alt-svc: h3=":443"; ma=86400
2026-06-08 16:59:48.442 11052-11592 okhttp.OkHttpClient     com.aistudio.ponga.xzbzcw            I  Authorization: Bearer eyJhbGciOiJIUzI1NiIsInR5cCI6IkpXVCJ9.eyJpZCI6ImEyNjE2YjhhLTZlOTItNDQwMi1iNjIxLTc0OGRkZTcxYWZlZCIsInVpZCI6Im5hdGl2ZS1jZTE0Y2EzMi04ZmFkLTRmZWUtOGIxMC1jYzRjYTNkNDY5NzciLCJlbWFpbCI6bnVsbCwicGhvbmVfbnVtYmVyIjoiKzkxODgxNzQyMzIyOSIsImlhdCI6MTc4MDkxODEyOCwiZXhwIjoxNzgzNTEwMTI4fQ.YlBVITwV-pp1T2kxWeYf4gAi_imoVaGLMyhEzYY8dq8
2026-06-08 16:59:49.419 11052-11592 okhttp.OkHttpClient     com.aistudio.ponga.xzbzcw            I  <-- 200 https://aqualyn.onrender.com/api/social/search?q=ru (631ms)
2026-06-08 16:59:51.829 11052-11592 okhttp.OkHttpClient     com.aistudio.ponga.xzbzcw            I  date: Mon, 08 Jun 2026 11:29:52 GMT
2026-06-08 16:59:51.830 11052-11592 okhttp.OkHttpClient     com.aistudio.ponga.xzbzcw            I  x-powered-by: Express
2026-06-08 16:59:51.830 11052-11592 okhttp.OkHttpClient     com.aistudio.ponga.xzbzcw            I  x-render-origin-server: Render
2026-06-08 16:59:52.205 11052-11069 System                  com.aistudio.ponga.xzbzcw            W  A resource failed to call release. 
2026-06-08 16:59:52.206 11052-11069 System                  com.aistudio.ponga.xzbzcw            W  A resource failed to call release. 
2026-06-08 16:59:55.278 11052-11592 okhttp.OkHttpClient     com.aistudio.ponga.xzbzcw            I  [{"id":"386eab2a-7883-4ad6-9d7c-479384d6838b_a2616b8a-6e92-4402-b621-748dde71afed","name":"Harsh","avatar":"https://peqockx5apulgo74.public.blob.vercel-storage.com/file_00000000c87c71faad0d71e93151f833-5gbkxXz17fECuKDmttFTApoMjLUn9a.jpg","lastMessage":"hello","lastMessageTime":"06:27 PM","isGroup":false,"isSecret":false,"unreadCount":0,"selfDestructTimer":null,"participantIds":["a2616b8a-6e92-4402-b621-748dde71afed","386eab2a-7883-4ad6-9d7c-479384d6838b"],"isMuted":false,"myStatus":"JOINED","myRole":"MEMBER","isArchived":false,"isPinned":false}]
2026-06-08 16:59:55.283 11052-11592 okhttp.OkHttpClient     com.aistudio.ponga.xzbzcw            I  --> GET https://aqualyn.onrender.com/api/chats/folders
2026-06-08 16:59:58.948 11052-11109 gralloc4                com.aistudio.ponga.xzbzcw            I  register: id=1e70000164e
2026-06-08 17:00:01.941 11052-11592 okhttp.OkHttpClient     com.aistudio.ponga.xzbzcw            I  Authorization: Bearer eyJhbGciOiJIUzI1NiIsInR5cCI6IkpXVCJ9.eyJpZCI6ImEyNjE2YjhhLTZlOTItNDQwMi1iNjIxLTc0OGRkZTcxYWZlZCIsInVpZCI6Im5hdGl2ZS1jZTE0Y2EzMi04ZmFkLTRmZWUtOGIxMC1jYzRjYTNkNDY5NzciLCJlbWFpbCI6bnVsbCwicGhvbmVfbnVtYmVyIjoiKzkxODgxNzQyMzIyOSIsImlhdCI6MTc4MDkxODEyOCwiZXhwIjoxNzgzNTEwMTI4fQ.YlBVITwV-pp1T2kxWeYf4gAi_imoVaGLMyhEzYY8dq8
2026-06-08 17:00:02.859 11052-11625 okhttp.OkHttpClient     com.aistudio.ponga.xzbzcw            I  {"isGroup":false,"name":"","memberIds":["1e32d48b-1a28-4d1f-9891-27363478a62f"]}
2026-06-08 17:00:03.017 11052-11625 okhttp.OkHttpClient     com.aistudio.ponga.xzbzcw            I  date: Mon, 08 Jun 2026 11:30:03 GMT
2026-06-08 17:00:03.017 11052-11625 okhttp.OkHttpClient     com.aistudio.ponga.xzbzcw            I  content-type: text/html; charset=utf-8
2026-06-08 17:00:03.068 11052-11592 okhttp.OkHttpClient     com.aistudio.ponga.xzbzcw            I  <-- HTTP FAILED: java.io.IOException: Canceled
2026-06-08 17:00:08.865 11052-11109 libEGL                  com.aistudio.ponga.xzbzcw            W  EGLNativeWindowType 0xb400007b5ac82820 disconnect failed
2026-06-08 17:00:23.097 12765-13444 AqualynRepository       com.aistudio.ponga.xzbzcw            D  Fetching user profile me
2026-06-08 17:00:23.140 12765-13443 AqualynRepository       com.aistudio.ponga.xzbzcw            D  Fetching chats from API
2026-06-08 17:00:23.488 12765-13289 OpenGLRenderer          com.aistudio.ponga.xzbzcw            E  reset ##### pid = 13289
2026-06-08 17:00:24.329 12765-13489 okhttp.OkHttpClient     com.aistudio.ponga.xzbzcw            I  --> GET https://aqualyn.onrender.com/api/auth/profile
2026-06-08 17:00:24.329 12765-13488 okhttp.OkHttpClient     com.aistudio.ponga.xzbzcw            I  --> GET https://aqualyn.onrender.com/api/auth/profile
2026-06-08 17:00:24.329 12765-13489 okhttp.OkHttpClient     com.aistudio.ponga.xzbzcw            I  Authorization: Bearer eyJhbGciOiJIUzI1NiIsInR5cCI6IkpXVCJ9.eyJpZCI6ImEyNjE2YjhhLTZlOTItNDQwMi1iNjIxLTc0OGRkZTcxYWZlZCIsInVpZCI6Im5hdGl2ZS1jZTE0Y2EzMi04ZmFkLTRmZWUtOGIxMC1jYzRjYTNkNDY5NzciLCJlbWFpbCI6bnVsbCwicGhvbmVfbnVtYmVyIjoiKzkxODgxNzQyMzIyOSIsImlhdCI6MTc4MDkxODEyOCwiZXhwIjoxNzgzNTEwMTI4fQ.YlBVITwV-pp1T2kxWeYf4gAi_imoVaGLMyhEzYY8dq8
2026-06-08 17:00:24.329 12765-13489 okhttp.OkHttpClient     com.aistudio.ponga.xzbzcw            I  --> END GET
2026-06-08 17:00:24.329 12765-13488 okhttp.OkHttpClient     com.aistudio.ponga.xzbzcw            I  Authorization: Bearer eyJhbGciOiJIUzI1NiIsInR5cCI6IkpXVCJ9.eyJpZCI6ImEyNjE2YjhhLTZlOTItNDQwMi1iNjIxLTc0OGRkZTcxYWZlZCIsInVpZCI6Im5hdGl2ZS1jZTE0Y2EzMi04ZmFkLTRmZWUtOGIxMC1jYzRjYTNkNDY5NzciLCJlbWFpbCI6bnVsbCwicGhvbmVfbnVtYmVyIjoiKzkxODgxNzQyMzIyOSIsImlhdCI6MTc4MDkxODEyOCwiZXhwIjoxNzgzNTEwMTI4fQ.YlBVITwV-pp1T2kxWeYf4gAi_imoVaGLMyhEzYY8dq8
2026-06-08 17:00:24.329 12765-13488 okhttp.OkHttpClient     com.aistudio.ponga.xzbzcw            I  --> END GET
2026-06-08 17:00:25.959 12765-13488 okhttp.OkHttpClient     com.aistudio.ponga.xzbzcw            I  <-- 200 https://aqualyn.onrender.com/api/auth/profile (1629ms)
2026-06-08 17:00:25.967 12765-13488 okhttp.OkHttpClient     com.aistudio.ponga.xzbzcw            I  --> END GET
2026-06-08 17:00:26.667 12765-13443 AqualynRepository       com.aistudio.ponga.xzbzcw            D  Fetching user profile me
2026-06-08 17:00:27.443 12765-13488 okhttp.OkHttpClient     com.aistudio.ponga.xzbzcw            I  rndr-id: e97acab0-4647-4ee4
2026-06-08 17:00:27.443 12765-13488 okhttp.OkHttpClient     com.aistudio.ponga.xzbzcw            I  x-powered-by: Express
2026-06-08 17:00:27.768 12765-13489 okhttp.OkHttpClient     com.aistudio.ponga.xzbzcw            I  content-type: application/json; charset=utf-8
2026-06-08 17:00:27.769 12765-13489 okhttp.OkHttpClient     com.aistudio.ponga.xzbzcw            I  cf-cache-status: DYNAMIC
2026-06-08 17:00:29.297 12765-13489 okhttp.OkHttpClient     com.aistudio.ponga.xzbzcw            I  access-control-allow-credentials: true
2026-06-08 17:00:29.297 12765-13489 okhttp.OkHttpClient     com.aistudio.ponga.xzbzcw            I  rndr-id: 220815b3-2fb8-41b3
2026-06-08 17:00:29.300 12765-13489 okhttp.OkHttpClient     com.aistudio.ponga.xzbzcw            I  <-- END HTTP (551-byte body)
2026-06-08 17:00:30.730 12765-13289 gralloc4                com.aistudio.ponga.xzbzcw            I  unregister: id=1e700001667
2026-06-08 17:00:32.579 12765-13289 gralloc4                com.aistudio.ponga.xzbzcw            I  unregister: id=1e700001664
2026-06-08 17:00:32.580 12765-13289 libEGL                  com.aistudio.ponga.xzbzcw            W  EGLNativeWindowType 0xb400007b5ab852b0 disconnect failed
2026-06-08 17:00:33.917 12765-12782 io.ponga.xzbzc          com.aistudio.ponga.xzbzcw            I  Compiler allocated 11MB to compile void com.example.ui.screens.JoinScreenKt.JoinScreen(kotlin.jvm.functions.Function1, kotlin.jvm.functions.Function1, androidx.compose.runtime.Composer, int)
2026-06-08 17:00:38.344 12765-13489 okhttp.OkHttpClient     com.aistudio.ponga.xzbzcw            I  {"identifier":"+918817423229"}
2026-06-08 17:00:42.017 12765-13489 okhttp.OkHttpClient     com.aistudio.ponga.xzbzcw            I  x-render-origin-server: Render
2026-06-08 17:00:42.017 12765-13489 okhttp.OkHttpClient     com.aistudio.ponga.xzbzcw            I  cf-cache-status: DYNAMIC
2026-06-08 17:00:42.019 12765-13489 okhttp.OkHttpClient     com.aistudio.ponga.xzbzcw            I  {"token":"eyJhbGciOiJIUzI1NiIsInR5cCI6IkpXVCJ9.eyJpZCI6ImEyNjE2YjhhLTZlOTItNDQwMi1iNjIxLTc0OGRkZTcxYWZlZCIsInVpZCI6Im5hdGl2ZS1jZTE0Y2EzMi04ZmFkLTRmZWUtOGIxMC1jYzRjYTNkNDY5NzciLCJlbWFpbCI6bnVsbCwicGhvbmVfbnVtYmVyIjoiKzkxODgxNzQyMzIyOSIsImlhdCI6MTc4MDkxODI0MiwiZXhwIjoxNzgzNTEwMjQyfQ.YKVW1Y_YOcG4ZbsZScj2oICBpqs6ACddUnFgPCHYSXc","isExisting":true}
2026-06-08 17:00:42.973 12765-13489 okhttp.OkHttpClient     com.aistudio.ponga.xzbzcw            I  {"id":"a2616b8a-6e92-4402-b621-748dde71afed","username":"rudra__8457","displayName":"Rudra ","avatar":"https://peqockx5apulgo74.public.blob.vercel-storage.com/Screenshot_20260607-233908-txSAUiaondDXho21ikfQGKB6eZDSFH.jpg","largeAvatar":"https://peqockx5apulgo74.public.blob.vercel-storage.com/Screenshot_20260607-233908-txSAUiaondDXho21ikfQGKB6eZDSFH.jpg","bio":null,"email":null,"phone":"+918817423229","dob":"2008-09-03T00:00:00.000Z","isPrivate":false,"searchByPhone":true,"showPhoneTo":"everyone","lastLogin":"2026-06-08T11:29:54.735Z","_count":{"followers":0,"following":1},"followers":[],"following":[{"followingId":"386eab2a-7883-4ad6-9d7c-479384d6838b"}]}
2026-06-08 17:00:43.035 12765-13449 AqualynRepository       com.aistudio.ponga.xzbzcw            D  Fetching user profile me
2026-06-08 17:00:43.038 12765-13489 okhttp.OkHttpClient     com.aistudio.ponga.xzbzcw            I  --> GET https://aqualyn.onrender.com/api/auth/profile
2026-06-08 17:00:44.087 12765-13489 okhttp.OkHttpClient     com.aistudio.ponga.xzbzcw            I  rndr-id: cf6abe47-10ab-4617
2026-06-08 17:00:44.094 12765-13449 AqualynRepository       com.aistudio.ponga.xzbzcw            D  Fetching chats from API
2026-06-08 17:00:44.246 12765-13449 AqualynRepository       com.aistudio.ponga.xzbzcw            E  fetchChats network error: The coroutine scope left the composition
2026-06-08 17:00:45.631 12765-13489 okhttp.OkHttpClient     com.aistudio.ponga.xzbzcw            I  access-control-allow-credentials: true
2026-06-08 17:00:46.372 12765-13488 okhttp.OkHttpClient     com.aistudio.ponga.xzbzcw            I  date: Mon, 08 Jun 2026 11:30:46 GMT
2026-06-08 17:00:46.372 12765-13488 okhttp.OkHttpClient     com.aistudio.ponga.xzbzcw            I  cf-ray: a08790fdfa6f7f8d-MAA
2026-06-08 17:00:46.710 12765-13488 okhttp.OkHttpClient     com.aistudio.ponga.xzbzcw            I  []
2026-06-08 17:00:47.118 12765-13488 okhttp.OkHttpClient     com.aistudio.ponga.xzbzcw            I  <-- 200 https://aqualyn.onrender.com/api/user/me/following (400ms)
2026-06-08 17:00:47.118 12765-13488 okhttp.OkHttpClient     com.aistudio.ponga.xzbzcw            I  vary: Accept-Encoding
2026-06-08 17:00:47.182 12765-13488 okhttp.OkHttpClient     com.aistudio.ponga.xzbzcw            I  Authorization: Bearer eyJhbGciOiJIUzI1NiIsInR5cCI6IkpXVCJ9.eyJpZCI6ImEyNjE2YjhhLTZlOTItNDQwMi1iNjIxLTc0OGRkZTcxYWZlZCIsInVpZCI6Im5hdGl2ZS1jZTE0Y2EzMi04ZmFkLTRmZWUtOGIxMC1jYzRjYTNkNDY5NzciLCJlbWFpbCI6bnVsbCwicGhvbmVfbnVtYmVyIjoiKzkxODgxNzQyMzIyOSIsImlhdCI6MTc4MDkxODI0MiwiZXhwIjoxNzgzNTEwMjQyfQ.YKVW1Y_YOcG4ZbsZScj2oICBpqs6ACddUnFgPCHYSXc
2026-06-08 17:00:50.494 12765-13488 okhttp.OkHttpClient     com.aistudio.ponga.xzbzcw            I  date: Mon, 08 Jun 2026 11:30:50 GMT
2026-06-08 17:00:50.495 12765-13488 okhttp.OkHttpClient     com.aistudio.ponga.xzbzcw            I  x-render-origin-server: Render
2026-06-08 17:00:50.502 12765-13488 okhttp.OkHttpClient     com.aistudio.ponga.xzbzcw            I  --> END GET
2026-06-08 17:00:51.093 12765-13488 okhttp.OkHttpClient     com.aistudio.ponga.xzbzcw            I  content-type: application/json; charset=utf-8
2026-06-08 17:00:51.093 12765-13488 okhttp.OkHttpClient     com.aistudio.ponga.xzbzcw            I  access-control-allow-credentials: true
2026-06-08 17:00:51.094 12765-13488 okhttp.OkHttpClient     com.aistudio.ponga.xzbzcw            I  vary: Accept-Encoding
2026-06-08 17:00:51.095 12765-13488 okhttp.OkHttpClient     com.aistudio.ponga.xzbzcw            I  <-- END HTTP (2-byte body)
2026-06-08 17:00:52.543 12765-13289 gralloc4                com.aistudio.ponga.xzbzcw            I  unregister: id=1e70000166d
2026-06-08 17:01:11.301 12765-13289 gralloc4                com.aistudio.ponga.xzbzcw            I  register: id=1e700001691
2026-06-08 17:01:12.883 12765-13488 okhttp.OkHttpClient     com.aistudio.ponga.xzbzcw            I  etag: W/"214-zKy/p9/0SrRYewPWsvj+CHPRt2Q"
2026-06-08 17:01:12.883 12765-13488 okhttp.OkHttpClient     com.aistudio.ponga.xzbzcw            I  alt-svc: h3=":443"; ma=86400
2026-06-08 17:01:14.347 12765-13488 okhttp.OkHttpClient     com.aistudio.ponga.xzbzcw            I  vary: Origin
2026-06-08 17:01:16.541 12765-13488 okhttp.OkHttpClient     com.aistudio.ponga.xzbzcw            I  content-type: application/json; charset=utf-8
2026-06-08 17:01:16.541 12765-13488 okhttp.OkHttpClient     com.aistudio.ponga.xzbzcw            I  vary: Accept-Encoding
2026-06-08 17:01:16.917 12765-13488 okhttp.OkHttpClient     com.aistudio.ponga.xzbzcw            I  cf-ray: a08791bf5ba97ebb-MAA
2026-06-08 17:01:22.057 12765-13488 okhttp.OkHttpClient     com.aistudio.ponga.xzbzcw            I  --> END GET
2026-06-08 17:01:23.394 12765-13443 AqualynRepository       com.aistudio.ponga.xzbzcw            E  fetchChats network error: The coroutine scope left the composition
2026-06-08 17:01:24.794 12765-13289 gralloc4                com.aistudio.ponga.xzbzcw            I  unregister: id=1e700001690
---------------------------- PROCESS STARTED (15426) for package com.aistudio.ponga.xzbzcw ----------------------------
2026-06-08 17:08:35.854 15426-15426 io.ponga.xzbzc          com.aistudio.ponga.xzbzcw            W  Accessing hidden field Landroid/app/ActivityThread;->mInstrumentation:Landroid/app/Instrumentation; (greylist, linking, allowed)
2026-06-08 17:08:35.855 15426-15426 io.ponga.xzbzc          com.aistudio.ponga.xzbzcw            W  Accessing hidden method Landroid/app/LoadedApk;->updateApplicationInfo(Landroid/content/pm/ApplicationInfo;Ljava/util/List;)V (greylist-max-o, linking, denied)
2026-06-08 17:08:39.621 15426-15426 FirebaseInitProvider    com.aistudio.ponga.xzbzcw            I  FirebaseApp initialization unsuccessful
---------------------------- PROCESS ENDED (15426) for package com.aistudio.ponga.xzbzcw ----------------------------
---------------------------- PROCESS STARTED (15499) for package com.aistudio.ponga.xzbzcw ----------------------------
2026-06-08 17:08:42.984 15499-15499 CheckTime               com.aistudio.ponga.xzbzcw            W  App running slow: Executing application classloader create took 2742ms
2026-06-08 17:08:46.723 15499-15697 okhttp.OkHttpClient     com.aistudio.ponga.xzbzcw            I  --> GET https://aqualyn.onrender.com/api/auth/profile
2026-06-08 17:08:48.021 15499-15698 okhttp.OkHttpClient     com.aistudio.ponga.xzbzcw            I  Authorization: Bearer eyJhbGciOiJIUzI1NiIsInR5cCI6IkpXVCJ9.eyJpZCI6ImEyNjE2YjhhLTZlOTItNDQwMi1iNjIxLTc0OGRkZTcxYWZlZCIsInVpZCI6Im5hdGl2ZS1jZTE0Y2EzMi04ZmFkLTRmZWUtOGIxMC1jYzRjYTNkNDY5NzciLCJlbWFpbCI6bnVsbCwicGhvbmVfbnVtYmVyIjoiKzkxODgxNzQyMzIyOSIsImlhdCI6MTc4MDkxODI0MiwiZXhwIjoxNzgzNTEwMjQyfQ.YKVW1Y_YOcG4ZbsZScj2oICBpqs6ACddUnFgPCHYSXc
2026-06-08 17:08:50.043 15499-15697 okhttp.OkHttpClient     com.aistudio.ponga.xzbzcw            I  rndr-id: 9760f1ac-a962-45be
2026-06-08 17:08:50.043 15499-15697 okhttp.OkHttpClient     com.aistudio.ponga.xzbzcw            I  cf-ray: a0879cbf3b2b17ae-MAA
2026-06-08 17:08:50.067 15499-15695 okhttp.OkHttpClient     com.aistudio.ponga.xzbzcw            I  Authorization: Bearer eyJhbGciOiJIUzI1NiIsInR5cCI6IkpXVCJ9.eyJpZCI6ImEyNjE2YjhhLTZlOTItNDQwMi1iNjIxLTc0OGRkZTcxYWZlZCIsInVpZCI6Im5hdGl2ZS1jZTE0Y2EzMi04ZmFkLTRmZWUtOGIxMC1jYzRjYTNkNDY5NzciLCJlbWFpbCI6bnVsbCwicGhvbmVfbnVtYmVyIjoiKzkxODgxNzQyMzIyOSIsImlhdCI6MTc4MDkxODI0MiwiZXhwIjoxNzgzNTEwMjQyfQ.YKVW1Y_YOcG4ZbsZScj2oICBpqs6ACddUnFgPCHYSXc
2026-06-08 17:08:50.146 15499-15647 TetheringManager        com.aistudio.ponga.xzbzcw            I  registerTetheringEventCallback:com.aistudio.ponga.xzbzcw
2026-06-08 17:08:51.115 15499-15698 okhttp.OkHttpClient     com.aistudio.ponga.xzbzcw            I  x-powered-by: Express
2026-06-08 17:08:51.687 15499-15698 okhttp.OkHttpClient     com.aistudio.ponga.xzbzcw            I  access-control-allow-credentials: true
2026-06-08 17:08:51.687 15499-15698 okhttp.OkHttpClient     com.aistudio.ponga.xzbzcw            I  etag: W/"2-l9Fw4VUO7kr8CvBlt4zaMCqXZ0w"
2026-06-08 17:08:52.007 15499-15858 okhttp.OkHttpClient     com.aistudio.ponga.xzbzcw            I  cf-cache-status: DYNAMIC
2026-06-08 17:08:52.007 15499-15858 okhttp.OkHttpClient     com.aistudio.ponga.xzbzcw            I  alt-svc: h3=":443"; ma=86400
2026-06-08 17:08:52.007 15499-15858 okhttp.OkHttpClient     com.aistudio.ponga.xzbzcw            I  []
2026-06-08 17:08:52.666 15499-15858 okhttp.OkHttpClient     com.aistudio.ponga.xzbzcw            I  Authorization: Bearer eyJhbGciOiJIUzI1NiIsInR5cCI6IkpXVCJ9.eyJpZCI6ImEyNjE2YjhhLTZlOTItNDQwMi1iNjIxLTc0OGRkZTcxYWZlZCIsInVpZCI6Im5hdGl2ZS1jZTE0Y2EzMi04ZmFkLTRmZWUtOGIxMC1jYzRjYTNkNDY5NzciLCJlbWFpbCI6bnVsbCwicGhvbmVfbnVtYmVyIjoiKzkxODgxNzQyMzIyOSIsImlhdCI6MTc4MDkxODI0MiwiZXhwIjoxNzgzNTEwMjQyfQ.YKVW1Y_YOcG4ZbsZScj2oICBpqs6ACddUnFgPCHYSXc
2026-06-08 17:08:52.747 15499-15695 okhttp.OkHttpClient     com.aistudio.ponga.xzbzcw            I  content-type: application/json; charset=utf-8
2026-06-08 17:08:52.747 15499-15695 okhttp.OkHttpClient     com.aistudio.ponga.xzbzcw            I  vary: Accept-Encoding
2026-06-08 17:08:52.747 15499-15695 okhttp.OkHttpClient     com.aistudio.ponga.xzbzcw            I  cf-ray: a0879cd1dae017ae-MAA
2026-06-08 17:08:52.750 15499-15697 okhttp.OkHttpClient     com.aistudio.ponga.xzbzcw            I  x-powered-by: Express
2026-06-08 17:08:53.651 15499-15698 okhttp.OkHttpClient     com.aistudio.ponga.xzbzcw            I  server: cloudflare
2026-06-08 17:08:53.983 15499-15858 okhttp.OkHttpClient     com.aistudio.ponga.xzbzcw            I  content-type: application/json; charset=utf-8
2026-06-08 17:08:54.889 15499-15698 okhttp.OkHttpClient     com.aistudio.ponga.xzbzcw            I  x-render-origin-server: Render
2026-06-08 17:08:54.890 15499-15698 okhttp.OkHttpClient     com.aistudio.ponga.xzbzcw            I  cf-cache-status: DYNAMIC
2026-06-08 17:08:55.567 15499-15618 gralloc4                com.aistudio.ponga.xzbzcw            I  register: id=1e7000016b3
2026-06-08 17:08:55.642   519-1878  BufferQueueProducer     surfaceflinger                       E  [com.aistudio.ponga.xzbzcw/com.example.MainActivity#1](id:2070000038c,api:0,p:-1,c:519) disconnect: not connected (req=1)
2026-06-08 17:08:55.642 15499-15618 OpenGLRenderer          com.aistudio.ponga.xzbzcw            D  endAllActiveAnimators on 0xb400007adabfe480 (UnprojectedRipple) with handle 0xb4000079fabe3080
2026-06-08 17:08:56.155 15499-15499 Dialog                  com.aistudio.ponga.xzbzcw            E  show dialog view=DecorView@5eee963[MainActivity]
2026-06-08 17:09:00.574 15499-15698 okhttp.OkHttpClient     com.aistudio.ponga.xzbzcw            I  server: cloudflare
2026-06-08 17:09:00.575 15499-15698 okhttp.OkHttpClient     com.aistudio.ponga.xzbzcw            I  [{"id":"386eab2a-7883-4ad6-9d7c-479384d6838b_a2616b8a-6e92-4402-b621-748dde71afed","name":"Harsh","avatar":"https://peqockx5apulgo74.public.blob.vercel-storage.com/file_00000000c87c71faad0d71e93151f833-5gbkxXz17fECuKDmttFTApoMjLUn9a.jpg","lastMessage":"hello","lastMessageTime":"06:27 PM","isGroup":false,"isSecret":false,"unreadCount":0,"selfDestructTimer":null,"participantIds":["a2616b8a-6e92-4402-b621-748dde71afed","386eab2a-7883-4ad6-9d7c-479384d6838b"],"isMuted":false,"myStatus":"JOINED","myRole":"MEMBER","isArchived":false,"isPinned":false}]
2026-06-08 17:09:01.238 15499-15698 okhttp.OkHttpClient     com.aistudio.ponga.xzbzcw            I  date: Mon, 08 Jun 2026 11:39:01 GMT
2026-06-08 17:09:01.239 15499-15698 okhttp.OkHttpClient     com.aistudio.ponga.xzbzcw            I  x-render-origin-server: Render
2026-06-08 17:09:03.856 15499-15698 okhttp.OkHttpClient     com.aistudio.ponga.xzbzcw            I  Content-Length: 6328
2026-06-08 17:09:04.456 15499-15698 okhttp.OkHttpClient     com.aistudio.ponga.xzbzcw            I  content-type: application/json; charset=utf-8
2026-06-08 17:09:04.456 15499-15698 okhttp.OkHttpClient     com.aistudio.ponga.xzbzcw            I  vary: Accept-Encoding
2026-06-08 17:09:07.683 15499-15698 okhttp.OkHttpClient     com.aistudio.ponga.xzbzcw            I  x-render-origin-server: Render
2026-06-08 17:09:07.684 15499-15698 okhttp.OkHttpClient     com.aistudio.ponga.xzbzcw            I  [{"id":"8b6ae5dc-6834-443d-8536-a7e700daa777","authorId":"1e32d48b-1a28-4d1f-9891-27363478a62f","content":null,"mediaUrl":"https://peqockx5apulgo74.public.blob.vercel-storage.com/1PsS7Uh-vi5VDMt8SpXua0UwOzzlfRr9VsOU4a.jpg","mediaType":"image","location":null,"isCommentsDisabled":false,"createdAt":"2026-05-30T06:53:47.451Z","updatedAt":"2026-05-30T06:53:47.451Z","author":{"id":"1e32d48b-1a28-4d1f-9891-27363478a62f","username":"raj_1034","displayName":"raj","avatar":"https://api.dicebear.com/7.x/initials/svg?seed=Raj"},"likes":[{"userId":"1e32d48b-1a28-4d1f-9891-27363478a62f"}],"comments":[],"_count":{"likes":1,"comments":0}}]
2026-06-08 17:09:07.686 15499-15647 AqualynRepository       com.aistudio.ponga.xzbzcw            E  getUserPosts error: Non-null value 'location' was null at $[0].location
2026-06-08 17:09:08.094 15499-15858 okhttp.OkHttpClient     com.aistudio.ponga.xzbzcw            I  cf-cache-status: DYNAMIC
2026-06-08 17:09:08.096 15499-15858 okhttp.OkHttpClient     com.aistudio.ponga.xzbzcw            I  <pre>Cannot POST /api/chats</pre>
2026-06-08 17:09:08.096 15499-15858 okhttp.OkHttpClient     com.aistudio.ponga.xzbzcw            I  </body>
2026-06-08 17:09:09.723 15499-15858 okhttp.OkHttpClient     com.aistudio.ponga.xzbzcw            I  Authorization: Bearer eyJhbGciOiJIUzI1NiIsInR5cCI6IkpXVCJ9.eyJpZCI6ImEyNjE2YjhhLTZlOTItNDQwMi1iNjIxLTc0OGRkZTcxYWZlZCIsInVpZCI6Im5hdGl2ZS1jZTE0Y2EzMi04ZmFkLTRmZWUtOGIxMC1jYzRjYTNkNDY5NzciLCJlbWFpbCI6bnVsbCwicGhvbmVfbnVtYmVyIjoiKzkxODgxNzQyMzIyOSIsImlhdCI6MTc4MDkxODI0MiwiZXhwIjoxNzgzNTEwMjQyfQ.YKVW1Y_YOcG4ZbsZScj2oICBpqs6ACddUnFgPCHYSXc
2026-06-08 17:09:11.449 15499-15858 okhttp.OkHttpClient     com.aistudio.ponga.xzbzcw            I  <-- 200 https://aqualyn.onrender.com/api/chats (1725ms)
2026-06-08 17:09:11.451 15499-15858 okhttp.OkHttpClient     com.aistudio.ponga.xzbzcw            I  [{"id":"386eab2a-7883-4ad6-9d7c-479384d6838b_a2616b8a-6e92-4402-b621-748dde71afed","name":"Harsh","avatar":"https://peqockx5apulgo74.public.blob.vercel-storage.com/file_00000000c87c71faad0d71e93151f833-5gbkxXz17fECuKDmttFTApoMjLUn9a.jpg","lastMessage":"hello","lastMessageTime":"06:27 PM","isGroup":false,"isSecret":false,"unreadCount":0,"selfDestructTimer":null,"participantIds":["a2616b8a-6e92-4402-b621-748dde71afed","386eab2a-7883-4ad6-9d7c-479384d6838b"],"isMuted":false,"myStatus":"JOINED","myRole":"MEMBER","isArchived":false,"isPinned":false}]
2026-06-08 17:09:11.783 15499-15858 okhttp.OkHttpClient     com.aistudio.ponga.xzbzcw            I  rndr-id: f5568bf6-69ab-4a31
2026-06-08 17:09:11.783 15499-15858 okhttp.OkHttpClient     com.aistudio.ponga.xzbzcw            I  vary: Origin
2026-06-08 17:09:11.784 15499-15858 okhttp.OkHttpClient     com.aistudio.ponga.xzbzcw            I  alt-svc: h3=":443"; ma=86400
2026-06-08 17:09:15.288 15499-15646 AqualynRepository       com.aistudio.ponga.xzbzcw            D  Fetching chats from API
2026-06-08 17:09:20.320 15499-15646 AqualynRepository       com.aistudio.ponga.xzbzcw            D  Fetching chats from API
2026-06-08 17:09:21.910 15499-15858 okhttp.OkHttpClient     com.aistudio.ponga.xzbzcw            I  cf-ray: a0879d8f0d2a17ae-MAA
